Component: ARM Compiler 5.06 (build 20) Tool: armlink [4d35a3]

==============================================================================

Section Cross References

    stm32f0xx_hal_flash.o(i.FLASH_Program_HalfWord) refers to stm32f0xx_hal_flash.o(.bss) for .bss
    stm32f0xx_hal_flash.o(i.FLASH_SetErrorCode) refers to stm32f0xx_hal_flash.o(.bss) for .bss
    stm32f0xx_hal_flash.o(i.FLASH_WaitForLastOperation) refers to stm32f0xx_hal.o(i.HAL_GetTick) for HAL_GetTick
    stm32f0xx_hal_flash.o(i.FLASH_WaitForLastOperation) refers to stm32f0xx_hal_flash.o(i.FLASH_SetErrorCode) for FLASH_SetErrorCode
    stm32f0xx_hal_flash.o(i.HAL_FLASH_GetError) refers to stm32f0xx_hal_flash.o(.bss) for .bss
    stm32f0xx_hal_flash.o(i.HAL_FLASH_IRQHandler) refers to stm32f0xx_hal_flash.o(i.FLASH_SetErrorCode) for FLASH_SetErrorCode
    stm32f0xx_hal_flash.o(i.HAL_FLASH_IRQHandler) refers to stm32f0xx_hal_flash.o(i.HAL_FLASH_OperationErrorCallback) for HAL_FLASH_OperationErrorCallback
    stm32f0xx_hal_flash.o(i.HAL_FLASH_IRQHandler) refers to stm32f0xx_hal_flash.o(i.FLASH_Program_HalfWord) for FLASH_Program_HalfWord
    stm32f0xx_hal_flash.o(i.HAL_FLASH_IRQHandler) refers to stm32f0xx_hal_flash.o(i.HAL_FLASH_EndOfOperationCallback) for HAL_FLASH_EndOfOperationCallback
    stm32f0xx_hal_flash.o(i.HAL_FLASH_IRQHandler) refers to stm32f0xx_hal_flash_ex.o(i.FLASH_PageErase) for FLASH_PageErase
    stm32f0xx_hal_flash.o(i.HAL_FLASH_IRQHandler) refers to stm32f0xx_hal_flash.o(.bss) for .bss
    stm32f0xx_hal_flash.o(i.HAL_FLASH_OB_Launch) refers to stm32f0xx_hal_flash.o(i.FLASH_WaitForLastOperation) for FLASH_WaitForLastOperation
    stm32f0xx_hal_flash.o(i.HAL_FLASH_Program) refers to stm32f0xx_hal_flash.o(i.FLASH_WaitForLastOperation) for FLASH_WaitForLastOperation
    stm32f0xx_hal_flash.o(i.HAL_FLASH_Program) refers to llushr.o(.text) for __aeabi_llsr
    stm32f0xx_hal_flash.o(i.HAL_FLASH_Program) refers to stm32f0xx_hal_flash.o(i.FLASH_Program_HalfWord) for FLASH_Program_HalfWord
    stm32f0xx_hal_flash.o(i.HAL_FLASH_Program) refers to stm32f0xx_hal_flash.o(.bss) for .bss
    stm32f0xx_hal_flash.o(i.HAL_FLASH_Program_IT) refers to stm32f0xx_hal_flash.o(i.FLASH_Program_HalfWord) for FLASH_Program_HalfWord
    stm32f0xx_hal_flash.o(i.HAL_FLASH_Program_IT) refers to stm32f0xx_hal_flash.o(.bss) for .bss
    stm32f0xx_hal_cortex.o(i.HAL_NVIC_SetPriority) refers to stm32f0xx_hal_cortex.o(i.NVIC_SetPriority) for NVIC_SetPriority
    stm32f0xx_hal_cortex.o(i.HAL_SYSTICK_Config) refers to stm32f0xx_hal_cortex.o(i.NVIC_SetPriority) for NVIC_SetPriority
    stm32f0xx_hal_cortex.o(i.HAL_SYSTICK_IRQHandler) refers to stm32f0xx_hal_cortex.o(i.HAL_SYSTICK_Callback) for HAL_SYSTICK_Callback
    stm32f0xx_hal_uart.o(i.HAL_HalfDuplex_Init) refers to usart.o(i.HAL_UART_MspInit) for HAL_UART_MspInit
    stm32f0xx_hal_uart.o(i.HAL_HalfDuplex_Init) refers to stm32f0xx_hal_uart.o(i.UART_SetConfig) for UART_SetConfig
    stm32f0xx_hal_uart.o(i.HAL_HalfDuplex_Init) refers to stm32f0xx_hal_uart.o(i.UART_AdvFeatureConfig) for UART_AdvFeatureConfig
    stm32f0xx_hal_uart.o(i.HAL_HalfDuplex_Init) refers to stm32f0xx_hal_uart.o(i.UART_CheckIdleState) for UART_CheckIdleState
    stm32f0xx_hal_uart.o(i.HAL_MultiProcessor_DisableMuteMode) refers to stm32f0xx_hal_uart.o(i.UART_CheckIdleState) for UART_CheckIdleState
    stm32f0xx_hal_uart.o(i.HAL_MultiProcessor_EnableMuteMode) refers to stm32f0xx_hal_uart.o(i.UART_CheckIdleState) for UART_CheckIdleState
    stm32f0xx_hal_uart.o(i.HAL_MultiProcessor_Init) refers to usart.o(i.HAL_UART_MspInit) for HAL_UART_MspInit
    stm32f0xx_hal_uart.o(i.HAL_MultiProcessor_Init) refers to stm32f0xx_hal_uart.o(i.UART_SetConfig) for UART_SetConfig
    stm32f0xx_hal_uart.o(i.HAL_MultiProcessor_Init) refers to stm32f0xx_hal_uart.o(i.UART_AdvFeatureConfig) for UART_AdvFeatureConfig
    stm32f0xx_hal_uart.o(i.HAL_MultiProcessor_Init) refers to stm32f0xx_hal_uart.o(i.UART_CheckIdleState) for UART_CheckIdleState
    stm32f0xx_hal_uart.o(i.HAL_UART_DMAStop) refers to stm32f0xx_hal_dma.o(i.HAL_DMA_Abort) for HAL_DMA_Abort
    stm32f0xx_hal_uart.o(i.HAL_UART_DeInit) refers to usart.o(i.HAL_UART_MspDeInit) for HAL_UART_MspDeInit
    stm32f0xx_hal_uart.o(i.HAL_UART_IRQHandler) refers to stm32f0xx_hal_uart.o(i.UART_Receive_IT) for UART_Receive_IT
    stm32f0xx_hal_uart.o(i.HAL_UART_IRQHandler) refers to stm32f0xx_hal_uart.o(i.UART_Transmit_IT) for UART_Transmit_IT
    stm32f0xx_hal_uart.o(i.HAL_UART_IRQHandler) refers to stm32f0xx_hal_uart.o(i.UART_EndTransmit_IT) for UART_EndTransmit_IT
    stm32f0xx_hal_uart.o(i.HAL_UART_IRQHandler) refers to stm32f0xx_hal_uart.o(i.HAL_UART_ErrorCallback) for HAL_UART_ErrorCallback
    stm32f0xx_hal_uart.o(i.HAL_UART_Init) refers to usart.o(i.HAL_UART_MspInit) for HAL_UART_MspInit
    stm32f0xx_hal_uart.o(i.HAL_UART_Init) refers to stm32f0xx_hal_uart.o(i.UART_SetConfig) for UART_SetConfig
[...]
    Removing cmsis_os.o(i.osMailPut), (88 bytes).
    Removing cmsis_os.o(i.osMessageCreate), (12 bytes).
    Removing cmsis_os.o(i.osMessageGet), (144 bytes).
    Removing cmsis_os.o(i.osMessagePeek), (78 bytes).
    Removing cmsis_os.o(i.osMessagePut), (88 bytes).
    Removing cmsis_os.o(i.osMutexCreate), (10 bytes).
    Removing cmsis_os.o(i.osMutexDelete), (26 bytes).
    Removing cmsis_os.o(i.osMutexRelease), (76 bytes).
    Removing cmsis_os.o(i.osMutexWait), (104 bytes).
    Removing cmsis_os.o(i.osPoolAlloc), (100 bytes).
    Removing cmsis_os.o(i.osPoolCAlloc), (20 bytes).
    Removing cmsis_os.o(i.osPoolCreate), (94 bytes).
    Removing cmsis_os.o(i.osPoolFree), (48 bytes).
    Removing cmsis_os.o(i.osRecursiveMutexCreate), (4 bytes).
    Removing cmsis_os.o(i.osRecursiveMutexRelease), (4 bytes).
    Removing cmsis_os.o(i.osRecursiveMutexWait), (4 bytes).
    Removing cmsis_os.o(i.osSemaphoreCreate), (38 bytes).
    Removing cmsis_os.o(i.osSemaphoreDelete), (26 bytes).
    Removing cmsis_os.o(i.osSemaphoreRelease), (76 bytes).
    Removing cmsis_os.o(i.osSemaphoreWait), (104 bytes).
    Removing cmsis_os.o(i.osSignalSet), (84 bytes).
    Removing cmsis_os.o(i.osSignalWait), (90 bytes).
    Removing cmsis_os.o(i.osThreadGetId), (8 bytes).
    Removing cmsis_os.o(i.osThreadGetPriority), (30 bytes).
    Removing cmsis_os.o(i.osThreadList), (4 bytes).
    Removing cmsis_os.o(i.osThreadResume), (44 bytes).
    Removing cmsis_os.o(i.osThreadResumeAll), (18 bytes).
    Removing cmsis_os.o(i.osThreadSetPriority), (22 bytes).
    Removing cmsis_os.o(i.osThreadSuspend), (10 bytes).
    Removing cmsis_os.o(i.osThreadSuspendAll), (10 bytes).
    Removing cmsis_os.o(i.osThreadTerminate), (10 bytes).
    Removing cmsis_os.o(i.osThreadYield), (10 bytes).
    Removing cmsis_os.o(i.osTimerCreate), (4 bytes).
    Removing cmsis_os.o(i.osTimerDelete), (4 bytes).
    Removing cmsis_os.o(i.osTimerStart), (4 bytes).
    Removing cmsis_os.o(i.osTimerStop), (4 bytes).
    Removing event_groups.o(i.prvTestWaitCondition), (22 bytes).
    Removing event_groups.o(i.uxEventGroupGetNumber), (8 bytes).
    Removing event_groups.o(i.vEventGroupClearBitsCallback), (8 bytes).
    Removing event_groups.o(i.vEventGroupDelete), (54 bytes).
    Removing event_groups.o(i.vEventGroupSetBitsCallback), (8 bytes).
    Removing event_groups.o(i.xEventGroupClearBits), (40 bytes).
    Removing event_groups.o(i.xEventGroupCreate), (26 bytes).
    Removing event_groups.o(i.xEventGroupGetBitsFromISR), (18 bytes).
    Removing event_groups.o(i.xEventGroupSetBits), (116 bytes).
    Removing event_groups.o(i.xEventGroupSync), (164 bytes).
    Removing event_groups.o(i.xEventGroupWaitBits), (204 bytes).
    Removing startup_stm32f030x8.o(HEAP), (512 bytes).
    Removing freertos.o(.rev16_text), (4 bytes).
    Removing freertos.o(.revsh_text), (4 bytes).
    Removing stm32f0xx_it.o(.rev16_text), (4 bytes).
    Removing stm32f0xx_it.o(.revsh_text), (4 bytes).
    Removing dma.o(.rev16_text), (4 bytes).
    Removing dma.o(.revsh_text), (4 bytes).
    Removing gpio.o(.rev16_text), (4 bytes).
    Removing gpio.o(.revsh_text), (4 bytes).
    Removing main.o(.rev16_text), (4 bytes).
    Removing main.o(.revsh_text), (4 bytes).
    Removing stm32f0xx_hal_msp.o(.rev16_text), (4 bytes).
    Removing stm32f0xx_hal_msp.o(.revsh_text), (4 bytes).
    Removing usart.o(.rev16_text), (4 bytes).
    Removing usart.o(.revsh_text), (4 bytes).
    Removing usart.o(i.HAL_UART_MspDeInit), (104 bytes).
    Removing system_stm32f0xx.o(.rev16_text), (4 bytes).
    Removing system_stm32f0xx.o(.revsh_text), (4 bytes).
    Removing system_stm32f0xx.o(i.SystemCoreClockUpdate), (108 bytes).
    Removing dadd.o(.text), (356 bytes).
    Removing dmul.o(.text), (208 bytes).
    Removing ddiv.o(.text), (240 bytes).
    Removing dfixul.o(.text), (64 bytes).
    Removing cdrcmple.o(.text), (40 bytes).
    Removing depilogue.o(.text), (190 bytes).
    Removing bl.o(i.cinit), (8 bytes).
    Removing bl.o(i.cfini), (8 bytes).
    Removing bl.o(i.cin), (8 bytes).
    Removing depilogue.o(i.__ARM_clz), (46 bytes).

375 unused section(s) (total 23245 bytes) removed from the image.

==============================================================================

Image Symbol Table

    Local Symbols

    Symbol Name                              Value     Ov Type        Size  Object(Section)

    ../Drivers/CMSIS/Device/ST/STM32F0xx/Source/Templates/system_stm32f0xx.c 0x00000000   Number         0  system_stm32f0xx.o ABSOLUTE
    ../Drivers/STM32F0xx_HAL_Driver/Src/stm32f0xx_hal.c 0x00000000   Number         0  stm32f0xx_hal.o ABSOLUTE
    ../Drivers/STM32F0xx_HAL_Driver/Src/stm32f0xx_hal_cortex.c 0x00000000   Number         0  stm32f0xx_hal_cortex.o ABSOLUTE
    ../Drivers/STM32F0xx_HAL_Driver/Src/stm32f0xx_hal_dma.c 0x00000000   Number         0  stm32f0xx_hal_dma.o ABSOLUTE
    ../Drivers/STM32F0xx_HAL_Driver/Src/stm32f0xx_hal_flash.c 0x00000000   Number         0  stm32f0xx_hal_flash.o ABSOLUTE
    ../Drivers/STM32F0xx_HAL_Driver/Src/stm32f0xx_hal_flash_ex.c 0x00000000   Number         0  stm32f0xx_hal_flash_ex.o ABSOLUTE
    ../Drivers/STM32F0xx_HAL_Driver/Src/stm32f0xx_hal_gpio.c 0x00000000   Number         0  stm32f0xx_hal_gpio.o ABSOLUTE
    ../Drivers/STM32F0xx_HAL_Driver/Src/stm32f0xx_hal_i2c.c 0x00000000   Number         0  stm32f0xx_hal_i2c.o ABSOLUTE
    ../Drivers/STM32F0xx_HAL_Driver/Src/stm32f0xx_hal_i2c_ex.c 0x00000000   Number         0  stm32f0xx_hal_i2c_ex.o ABSOLUTE
    ../Drivers/STM32F0xx_HAL_Driver/Src/stm32f0xx_hal_pwr.c 0x00000000   Number         0  stm32f0xx_hal_pwr.o ABSOLUTE
    ../Drivers/STM32F0xx_HAL_Driver/Src/stm32f0xx_hal_pwr_ex.c 0x00000000   Number         0  stm32f0xx_hal_pwr_ex.o ABSOLUTE
    ../Drivers/STM32F0xx_HAL_Driver/Src/stm32f0xx_hal_rcc.c 0x00000000   Number         0  stm32f0xx_hal_rcc.o ABSOLUTE
    ../Drivers/STM32F0xx_HAL_Driver/Src/stm32f0xx_hal_rcc_ex.c 0x00000000   Number         0  stm32f0xx_hal_rcc_ex.o ABSOLUTE
    ../Drivers/STM32F0xx_HAL_Driver/Src/stm32f0xx_hal_tim.c 0x00000000   Number         0  stm32f0xx_hal_tim.o ABSOLUTE
    ../Drivers/STM32F0xx_HAL_Driver/Src/stm32f0xx_hal_tim_ex.c 0x00000000   Number         0  stm32f0xx_hal_tim_ex.o ABSOLUTE
    ../Drivers/STM32F0xx_HAL_Driver/Src/stm32f0xx_hal_uart.c 0x00000000   Number         0  stm32f0xx_hal_uart.o ABSOLUTE
    ../Drivers/STM32F0xx_HAL_Driver/Src/stm32f0xx_hal_uart_ex.c 0x00000000   Number         0  stm32f0xx_hal_uart_ex.o ABSOLUTE
    ../Middlewares/Third_Party/FreeRTOS/Source/CMSIS_RTOS/cmsis_os.c 0x00000000   Number         0  cmsis_os.o ABSOLUTE
    ../Middlewares/Third_Party/FreeRTOS/Source/croutine.c 0x00000000   Number         0  croutine.o ABSOLUTE
    ../Middlewares/Third_Party/FreeRTOS/Source/event_groups.c 0x00000000   Number         0  event_groups.o ABSOLUTE
    ../Middlewares/Third_Party/FreeRTOS/Source/list.c 0x00000000   Number         0  list.o ABSOLUTE
    ../Middlewares/Third_Party/FreeRTOS/Source/portable/MemMang/heap_4.c 0x00000000   Number         0  heap_4.o ABSOLUTE
    ../Middlewares/Third_Party/FreeRTOS/Source/portable/RVDS/ARM_CM0/port.c 0x00000000   Number         0  port.o ABSOLUTE
    ../Middlewares/Third_Party/FreeRTOS/Source/queue.c 0x00000000   Number         0  queue.o ABSOLUTE
    ../Middlewares/Third_Party/FreeRTOS/Source/tasks.c 0x00000000   Number         0  tasks.o ABSOLUTE
    ../Middlewares/Third_Party/FreeRTOS/Source/timers.c 0x00000000   Number         0  timers.o ABSOLUTE
    ../Src/dma.c                             0x00000000   Number         0  dma.o ABSOLUTE
    ../Src/freertos.c                        0x00000000   Number         0  freertos.o ABSOLUTE
    ../Src/gpio.c                            0x00000000   Number         0  gpio.o ABSOLUTE
    ../Src/main.c                            0x00000000   Number         0  main.o ABSOLUTE
    ../Src/stm32f0xx_hal_msp.c               0x00000000   Number         0  stm32f0xx_hal_msp.o ABSOLUTE
    ../Src/stm32f0xx_it.c                    0x00000000   Number         0  stm32f0xx_it.o ABSOLUTE
    ../Src/usart.c                           0x00000000   Number         0  usart.o ABSOLUTE
    ../clib/microlib/division.c              0x00000000   Number         0  uldiv.o ABSOLUTE
    ../clib/microlib/division.c              0x00000000   Number         0  uidiv.o ABSOLUTE
    ../clib/microlib/init/entry.s            0x00000000   Number         0  entry2.o ABSOLUTE
    ../clib/microlib/init/entry.s            0x00000000   Number         0  entry10b.o ABSOLUTE
    ../clib/microlib/init/entry.s            0x00000000   Number         0  entry11a.o ABSOLUTE
    ../clib/microlib/init/entry.s            0x00000000   Number         0  entry7b.o ABSOLUTE
    ../clib/microlib/init/entry.s            0x00000000   Number         0  entry8b.o ABSOLUTE
    ../clib/microlib/init/entry.s            0x00000000   Number         0  entry9a.o ABSOLUTE
    ../clib/microlib/init/entry.s            0x00000000   Number         0  entry7a.o ABSOLUTE
    ../clib/microlib/init/entry.s            0x00000000   Number         0  entry9b.o ABSOLUTE
    ../clib/microlib/init/entry.s            0x00000000   Number         0  entry10a.o ABSOLUTE
    ../clib/microlib/init/entry.s            0x00000000   Number         0  entry8a.o ABSOLUTE
    ../clib/microlib/init/entry.s            0x00000000   Number         0  entry5.o ABSOLUTE
    ../clib/microlib/init/entry.s            0x00000000   Number         0  entry.o ABSOLUTE
    ../clib/microlib/init/entry.s            0x00000000   Number         0  entry11b.o ABSOLUTE
    ../clib/microlib/longlong.c              0x00000000   Number         0  llushr.o ABSOLUTE
    ../clib/microlib/longlong.c              0x00000000   Number         0  llsshr.o ABSOLUTE
    ../clib/microlib/longlong.c              0x00000000   Number         0  llshl.o ABSOLUTE
    ../clib/microlib/printf/printf.c         0x00000000   Number         0  printf7.o ABSOLUTE
    ../clib/microlib/printf/printf.c         0x00000000   Number         0  printfa.o ABSOLUTE
    ../clib/microlib/printf/printf.c         0x00000000   Number         0  printf0.o ABSOLUTE
    ../clib/microlib/printf/printf.c         0x00000000   Number         0  printf1.o ABSOLUTE
    ../clib/microlib/printf/printf.c         0x00000000   Number         0  printf4.o ABSOLUTE
    ../clib/microlib/printf/printf.c         0x00000000   Number         0  printf5.o ABSOLUTE
    ../clib/microlib/printf/printf.c         0x00000000   Number         0  printf2.o ABSOLUTE
    ../clib/microlib/printf/printf.c         0x00000000   Number         0  printf6.o ABSOLUTE
    ../clib/microlib/printf/printf.c         0x00000000   Number         0  printf8.o ABSOLUTE
    ../clib/microlib/printf/printf.c         0x00000000   Number         0  printfb.o ABSOLUTE
    ../clib/microlib/printf/printf.c         0x00000000   Number         0  printf3.o ABSOLUTE
    ../clib/microlib/printf/stubs.s          0x00000000   Number         0  stubs.o ABSOLUTE
    ../clib/microlib/stdio/streams.c         0x00000000   Number         0  stdout.o ABSOLUTE
    ../clib/microlib/string/memcpy.c         0x00000000   Number         0  memcpyb.o ABSOLUTE
    ../clib/microlib/string/memcpy.c         0x00000000   Number         0  memcpya.o ABSOLUTE
    ../clib/microlib/string/memset.c         0x00000000   Number         0  memseta.o ABSOLUTE
    ../clib/microlib/string/strlen.c         0x00000000   Number         0  strlen.o ABSOLUTE
    ../clib/microlib/string/strstr.c         0x00000000   Number         0  strstr.o ABSOLUTE
    ../clib/microlib/stubs.s                 0x00000000   Number         0  iusefp.o ABSOLUTE
    ../fplib/microlib/fpadd.c                0x00000000   Number         0  dadd.o ABSOLUTE
    ../fplib/microlib/fpdiv.c                0x00000000   Number         0  ddiv.o ABSOLUTE
    ../fplib/microlib/fpepilogue.c           0x00000000   Number         0  depilogue.o ABSOLUTE
    ../fplib/microlib/fpfix.c                0x00000000   Number         0  dfixul.o ABSOLUTE
    ../fplib/microlib/fpmul.c                0x00000000   Number         0  dmul.o ABSOLUTE
    ..\Boot\bl.c                             0x00000000   Number         0  bl.o ABSOLUTE
    ..\Boot\flash.c                          0x00000000   Number         0  flash.o ABSOLUTE
    ..\Drivers\CMSIS\Device\ST\STM32F0xx\Source\Templates\system_stm32f0xx.c 0x00000000   Number         0  system_stm32f0xx.o ABSOLUTE
    ..\Drivers\STM32F0xx_HAL_Driver\Src\stm32f0xx_hal.c 0x00000000   Number         0  stm32f0xx_hal.o ABSOLUTE
    ..\Drivers\STM32F0xx_HAL_Driver\Src\stm32f0xx_hal_cortex.c 0x00000000   Number         0  stm32f0xx_hal_cortex.o ABSOLUTE
    ..\Drivers\STM32F0xx_HAL_Driver\Src\stm32f0xx_hal_dma.c 0x00000000   Number         0  stm32f0xx_hal_dma.o ABSOLUTE
    ..\Drivers\STM32F0xx_HAL_Driver\Src\stm32f0xx_hal_flash.c 0x00000000   Number         0  stm32f0xx_hal_flash.o ABSOLUTE
    ..\Drivers\STM32F0xx_HAL_Driver\Src\stm32f0xx_hal_flash_ex.c 0x00000000   Number         0  stm32f0xx_hal_flash_ex.o ABSOLUTE
    ..\Drivers\STM32F0xx_HAL_Driver\Src\stm32f0xx_hal_gpio.c 0x00000000   Number         0  stm32f0xx_hal_gpio.o ABSOLUTE
    ..\Drivers\STM32F0xx_HAL_Driver\Src\stm32f0xx_hal_i2c.c 0x00000000   Number         0  stm32f0xx_hal_i2c.o ABSOLUTE
    ..\Drivers\STM32F0xx_HAL_Driver\Src\stm32f0xx_hal_i2c_ex.c 0x00000000   Number         0  stm32f0xx_hal_i2c_ex.o ABSOLUTE
    ..\Drivers\STM32F0xx_HAL_Driver\Src\stm32f0xx_hal_pwr.c 0x00000000   Number         0  stm32f0xx_hal_pwr.o ABSOLUTE
    ..\Drivers\STM32F0xx_HAL_Driver\Src\stm32f0xx_hal_pwr_ex.c 0x00000000   Number         0  stm32f0xx_hal_pwr_ex.o ABSOLUTE
    ..\Drivers\STM32F0xx_HAL_Driver\Src\stm32f0xx_hal_rcc.c 0x00000000   Number         0  stm32f0xx_hal_rcc.o ABSOLUTE
    ..\Drivers\STM32F0xx_HAL_Driver\Src\stm32f0xx_hal_rcc_ex.c 0x00000000   Number         0  stm32f0xx_hal_rcc_ex.o ABSOLUTE
    ..\Drivers\STM32F0xx_HAL_Driver\Src\stm32f0xx_hal_tim.c 0x00000000   Number         0  stm32f0xx_hal_tim.o ABSOLUTE
    ..\Drivers\STM32F0xx_HAL_Driver\Src\stm32f0xx_hal_tim_ex.c 0x00000000   Number         0  stm32f0xx_hal_tim_ex.o ABSOLUTE
    ..\Drivers\STM32F0xx_HAL_Driver\Src\stm32f0xx_hal_uart.c 0x00000000   Number         0  stm32f0xx_hal_uart.o ABSOLUTE
    ..\Drivers\STM32F0xx_HAL_Driver\Src\stm32f0xx_hal_uart_ex.c 0x00000000   Number         0  stm32f0xx_hal_uart_ex.o ABSOLUTE
    ..\Middlewares\Third_Party\FreeRTOS\Source\CMSIS_RTOS\cmsis_os.c 0x00000000   Number         0  cmsis_os.o ABSOLUTE
    ..\Middlewares\Third_Party\FreeRTOS\Source\portable\RVDS\ARM_CM0\port.c 0x00000000   Number         0  port.o ABSOLUTE
    ..\Src\dma.c                             0x00000000   Number         0  dma.o ABSOLUTE
    ..\Src\freertos.c                        0x00000000   Number         0  freertos.o ABSOLUTE
    ..\Src\gpio.c                            0x00000000   Number         0  gpio.o ABSOLUTE
    ..\Src\main.c                            0x00000000   Number         0  main.o ABSOLUTE
    ..\Src\stm32f0xx_hal_msp.c               0x00000000   Number         0  stm32f0xx_hal_msp.o ABSOLUTE
    ..\Src\stm32f0xx_it.c                    0x00000000   Number         0  stm32f0xx_it.o ABSOLUTE
    ..\Src\usart.c                           0x00000000   Number         0  usart.o ABSOLUTE
    ..\\Boot\\flash.c                        0x00000000   Number         0  flash.o ABSOLUTE
    ..\\uart\\terminal.c                     0x00000000   Number         0  terminal.o ABSOLUTE
    ..\\uart\\terminal_8266.c                0x00000000   Number         0  terminal_8266.o ABSOLUTE
    ..\uart\terminal.c                       0x00000000   Number         0  terminal.o ABSOLUTE
    ..\uart\terminal_8266.c                  0x00000000   Number         0  terminal_8266.o ABSOLUTE
    cdrcmple.s                               0x00000000   Number         0  cdrcmple.o ABSOLUTE
    dc.s                                     0x00000000   Number         0  dc.o ABSOLUTE
    handlers.s                               0x00000000   Number         0  handlers.o ABSOLUTE
    init.s                                   0x00000000   Number         0  init.o ABSOLUTE
    startup_stm32f030x8.s                    0x00000000   Number         0  startup_stm32f030x8.o ABSOLUTE
    RESET                                    0x08000000   Section      180  startup_stm32f030x8.o(RESET)
    .ARM.Collect$$$$00000000                 0x080000b4   Section        0  entry.o(.ARM.Collect$$$$00000000)
    .ARM.Collect$$$$00000001                 0x080000b4   Section        4  entry2.o(.ARM.Collect$$$$00000001)
    .ARM.Collect$$$$00000004                 0x080000b8   Section        4  entry5.o(.ARM.Collect$$$$00000004)
    .ARM.Collect$$$$00000008                 0x080000bc   Section        0  entry7b.o(.ARM.Collect$$$$00000008)
    .ARM.Collect$$$$0000000A                 0x080000bc   Section        0  entry8b.o(.ARM.Collect$$$$0000000A)
    .ARM.Collect$$$$0000000B                 0x080000bc   Section        8  entry9a.o(.ARM.Collect$$$$0000000B)
    .ARM.Collect$$$$0000000D                 0x080000c4   Section        0  entry10a.o(.ARM.Collect$$$$0000000D)
    .ARM.Collect$$$$0000000F                 0x080000c4   Section        0  entry11a.o(.ARM.Collect$$$$0000000F)
    .ARM.Collect$$$$00002712                 0x080000c4   Section        4  entry2.o(.ARM.Collect$$$$00002712)
    __lit__00000000                          0x080000c4   Data           4  entry2.o(.ARM.Collect$$$$00002712)
    .emb_text                                0x080000c8   Section      112  port.o(.emb_text)
    .text                                    0x08000138   Section       28  startup_stm32f030x8.o(.text)
    .text                                    0x08000154   Section        0  uidiv.o(.text)
    .text                                    0x08000180   Section        0  llushr.o(.text)
    .text                                    0x080001a2   Section        0  memcpya.o(.text)
    .text                                    0x080001c6   Section        0  memseta.o(.text)
    .text                                    0x080001ea   Section        0  strstr.o(.text)
    .text                                    0x08000212   Section        0  strlen.o(.text)
    .text                                    0x08000220   Section       36  init.o(.text)
    i.DMA1_Channel2_3_IRQHandler             0x08000244   Section        0  stm32f0xx_it.o(i.DMA1_Channel2_3_IRQHandler)
    i.DMA1_Channel4_5_IRQHandler             0x08000254   Section        0  stm32f0xx_it.o(i.DMA1_Channel4_5_IRQHandler)
    i.Error_Handler                          0x0800026c   Section        0  main.o(i.Error_Handler)
    i.FLASH_MassErase                        0x08000270   Section        0  stm32f0xx_hal_flash_ex.o(i.FLASH_MassErase)
    FLASH_MassErase                          0x08000271   Thumb Code    26  stm32f0xx_hal_flash_ex.o(i.FLASH_MassErase)
    i.FLASH_PageErase                        0x08000294   Section        0  stm32f0xx_hal_flash_ex.o(i.FLASH_PageErase)
    i.FLASH_Program_HalfWord                 0x080002b8   Section        0  stm32f0xx_hal_flash.o(i.FLASH_Program_HalfWord)
    FLASH_Program_HalfWord                   0x080002b9   Thumb Code    22  stm32f0xx_hal_flash.o(i.FLASH_Program_HalfWord)
    i.FLASH_SetErrorCode                     0x080002d8   Section        0  stm32f0xx_hal_flash.o(i.FLASH_SetErrorCode)
    FLASH_SetErrorCode                       0x080002d9   Thumb Code    46  stm32f0xx_hal_flash.o(i.FLASH_SetErrorCode)
    i.FLASH_WaitForLastOperation             0x08000310   Section        0  stm32f0xx_hal_flash.o(i.FLASH_WaitForLastOperation)
    i.HAL_DMA_IRQHandler                     0x08000360   Section        0  stm32f0xx_hal_dma.o(i.HAL_DMA_IRQHandler)
    i.HAL_DMA_Init                           0x0800053c   Section        0  stm32f0xx_hal_dma.o(i.HAL_DMA_Init)
    i.HAL_FLASHEx_Erase                      0x08000590   Section        0  stm32f0xx_hal_flash_ex.o(i.HAL_FLASHEx_Erase)
    i.HAL_FLASH_Lock                         0x08000630   Section        0  stm32f0xx_hal_flash.o(i.HAL_FLASH_Lock)
    i.HAL_FLASH_Program                      0x08000644   Section        0  stm32f0xx_hal_flash.o(i.HAL_FLASH_Program)
    i.HAL_FLASH_Unlock                       0x080006c0   Section        0  stm32f0xx_hal_flash.o(i.HAL_FLASH_Unlock)
    i.HAL_GPIO_Init                          0x080006e4   Section        0  stm32f0xx_hal_gpio.o(i.HAL_GPIO_Init)
    i.HAL_GPIO_ReadPin                       0x0800082c   Section        0  stm32f0xx_hal_gpio.o(i.HAL_GPIO_ReadPin)
    i.HAL_GPIO_TogglePin                     0x08000836   Section        0  stm32f0xx_hal_gpio.o(i.HAL_GPIO_TogglePin)
    i.HAL_GPIO_WritePin                      0x0800083e   Section        0  stm32f0xx_hal_gpio.o(i.HAL_GPIO_WritePin)
    i.HAL_GetTick                            0x0800084c   Section        0  stm32f0xx_hal.o(i.HAL_GetTick)
    i.HAL_IncTick                            0x08000858   Section        0  stm32f0xx_hal.o(i.HAL_IncTick)
    i.HAL_Init                               0x08000868   Section        0  stm32f0xx_hal.o(i.HAL_Init)
    i.HAL_InitTick                           0x08000888   Section        0  stm32f0xx_hal.o(i.HAL_InitTick)
    i.HAL_MspInit                            0x080008ac   Section        0  stm32f0xx_hal_msp.o(i.HAL_MspInit)
    i.HAL_NVIC_EnableIRQ                     0x080008e4   Section        0  stm32f0xx_hal_cortex.o(i.HAL_NVIC_EnableIRQ)
    i.HAL_NVIC_SetPriority                   0x080008f8   Section        0  stm32f0xx_hal_cortex.o(i.HAL_NVIC_SetPriority)
    i.HAL_RCCEx_PeriphCLKConfig              0x08000900   Section        0  stm32f0xx_hal_rcc_ex.o(i.HAL_RCCEx_PeriphCLKConfig)
    i.HAL_RCC_ClockConfig                    0x080009e8   Section        0  stm32f0xx_hal_rcc.o(i.HAL_RCC_ClockConfig)
    i.HAL_RCC_GetHCLKFreq                    0x08000b14   Section        0  stm32f0xx_hal_rcc.o(i.HAL_RCC_GetHCLKFreq)
    i.HAL_RCC_GetPCLK1Freq                   0x08000b20   Section        0  stm32f0xx_hal_rcc.o(i.HAL_RCC_GetPCLK1Freq)
    i.HAL_RCC_GetSysClockFreq                0x08000b40   Section        0  stm32f0xx_hal_rcc.o(i.HAL_RCC_GetSysClockFreq)
    i.HAL_RCC_OscConfig                      0x08000bb8   Section        0  stm32f0xx_hal_rcc.o(i.HAL_RCC_OscConfig)
    i.HAL_SYSTICK_CLKSourceConfig            0x08000f0c   Section        0  stm32f0xx_hal_cortex.o(i.HAL_SYSTICK_CLKSourceConfig)
    i.HAL_SYSTICK_Config                     0x08000f24   Section        0  stm32f0xx_hal_cortex.o(i.HAL_SYSTICK_Config)
    i.HAL_UART_ErrorCallback                 0x08000f54   Section        0  stm32f0xx_hal_uart.o(i.HAL_UART_ErrorCallback)
    i.HAL_UART_IRQHandler                    0x08000f56   Section        0  stm32f0xx_hal_uart.o(i.HAL_UART_IRQHandler)
    i.HAL_UART_Init                          0x08001010   Section        0  stm32f0xx_hal_uart.o(i.HAL_UART_Init)
    i.HAL_UART_MspInit                       0x0800107c   Section        0  usart.o(i.HAL_UART_MspInit)
    i.HAL_UART_RxCpltCallback                0x0800119c   Section        0  terminal.o(i.HAL_UART_RxCpltCallback)
    i.HAL_UART_Transmit                      0x080011a8   Section        0  stm32f0xx_hal_uart.o(i.HAL_UART_Transmit)
    i.HAL_UART_TxCpltCallback                0x08001258   Section        0  stm32f0xx_hal_uart.o(i.HAL_UART_TxCpltCallback)
    i.HardFault_Handler                      0x0800125a   Section        0  stm32f0xx_it.o(i.HardFault_Handler)
    i.MX_DMA_Init                            0x0800125c   Section        0  dma.o(i.MX_DMA_Init)
    i.MX_FREERTOS_Init                       0x08001294   Section        0  freertos.o(i.MX_FREERTOS_Init)
    i.MX_GPIO_Init                           0x080012e8   Section        0  gpio.o(i.MX_GPIO_Init)
    i.MX_USART1_UART_Init                    0x080013ac   Section        0  usart.o(i.MX_USART1_UART_Init)
    i.MX_USART2_UART_Init                    0x080013e4   Section        0  usart.o(i.MX_USART2_UART_Init)
    i.NMI_Handler                            0x0800141c   Section        0  stm32f0xx_it.o(i.NMI_Handler)
    i.NVIC_SetPriority                       0x08001420   Section        0  stm32f0xx_hal_cortex.o(i.NVIC_SetPriority)
    NVIC_SetPriority                         0x08001421   Thumb Code    60  stm32f0xx_hal_cortex.o(i.NVIC_SetPriority)
    i.SVC_Handler                            0x08001464   Section        0  port.o(i.SVC_Handler)
    i.StartBootTask                          0x08001468   Section        0  flash.o(i.StartBootTask)
    i.StartDefaultTask                       0x08001524   Section        0  freertos.o(i.StartDefaultTask)
    i.StartTerminalTask                      0x0800152c   Section        0  terminal_8266.o(i.StartTerminalTask)
    i.SysTick_Handler                        0x080016d0   Section        0  stm32f0xx_it.o(i.SysTick_Handler)
    i.SystemClock_Config                     0x080016e0   Section        0  main.o(i.SystemClock_Config)
    i.SystemInit                             0x08001758   Section        0  system_stm32f0xx.o(i.SystemInit)
    i.UART_AdvFeatureConfig                  0x080017b4   Section        0  stm32f0xx_hal_uart.o(i.UART_AdvFeatureConfig)
    i.UART_CheckIdleState                    0x0800187e   Section        0  stm32f0xx_hal_uart.o(i.UART_CheckIdleState)
    i.UART_EndTransmit_IT                    0x08001890   Section        0  stm32f0xx_hal_uart.o(i.UART_EndTransmit_IT)
    i.UART_Receive_IT                        0x080018aa   Section        0  stm32f0xx_hal_uart.o(i.UART_Receive_IT)
    i.UART_SetConfig                         0x0800192c   Section        0  stm32f0xx_hal_uart.o(i.UART_SetConfig)
    i.UART_Transmit_IT                       0x08001a5c   Section        0  stm32f0xx_hal_uart.o(i.UART_Transmit_IT)
    i.UART_WaitOnFlagUntilTimeout            0x08001ac2   Section        0  stm32f0xx_hal_uart.o(i.UART_WaitOnFlagUntilTimeout)
    i.USART1_IRQHandler                      0x08001b74   Section        0  stm32f0xx_it.o(i.USART1_IRQHandler)
    i.USART2_IRQHandler                      0x08001b90   Section        0  stm32f0xx_it.o(i.USART2_IRQHandler)
    i.__0printf$3                            0x08001bac   Section        0  printf3.o(i.__0printf$3)
    i.__0snprintf$3                          0x08001bcc   Section        0  printf3.o(i.__0snprintf$3)
    i.__0sprintf$3                           0x08001bf8   Section        0  printf3.o(i.__0sprintf$3)
    i.__ARM_common_switch8                   0x08001c20   Section        0  bl.o(i.__ARM_common_switch8)
    i.__scatterload_copy                     0x08001c3a   Section       14  handlers.o(i.__scatterload_copy)
    i.__scatterload_null                     0x08001c48   Section        2  handlers.o(i.__scatterload_null)
    i.__scatterload_zeroinit                 0x08001c4a   Section       14  handlers.o(i.__scatterload_zeroinit)
    i._atk_8266_send_cmd                     0x08001c58   Section        0  terminal_8266.o(i._atk_8266_send_cmd)
    _atk_8266_send_cmd                       0x08001c59   Thumb Code   134  terminal_8266.o(i._atk_8266_send_cmd)
    i._printf_core                           0x08001d10   Section        0  printf3.o(i._printf_core)
    _printf_core                             0x08001d11   Thumb Code   456  printf3.o(i._printf_core)
    i._setAP                                 0x08001edc   Section        0  terminal_8266.o(i._setAP)
    _setAP                                   0x08001edd   Thumb Code   122  terminal_8266.o(i._setAP)
    i._snputc                                0x08001ff0   Section        0  printf3.o(i._snputc)
    _snputc                                  0x08001ff1   Thumb Code    22  printf3.o(i._snputc)
    i._sputc                                 0x08002006   Section        0  printf3.o(i._sputc)
    _sputc                                   0x08002007   Thumb Code    10  printf3.o(i._sputc)
    i._wait_mode_ready                       0x08002010   Section        0  terminal_8266.o(i._wait_mode_ready)
    _wait_mode_ready                         0x08002011   Thumb Code    70  terminal_8266.o(i._wait_mode_ready)
    i.boot_send                              0x0800206c   Section        0  terminal_8266.o(i.boot_send)
    i.bootloader                             0x080020a8   Section        0  bl.o(i.bootloader)
    i.cache_queue_read_byte                  0x08002434   Section        0  terminal_8266.o(i.cache_queue_read_byte)
    cache_queue_read_byte                    0x08002435   Thumb Code    52  terminal_8266.o(i.cache_queue_read_byte)
    i.cin_wait                               0x08002468   Section        0  bl.o(i.cin_wait)
    cin_wait                                 0x08002469   Thumb Code    32  bl.o(i.cin_wait)
    i.cin_word                               0x08002490   Section        0  bl.o(i.cin_word)
    cin_word                                 0x08002491   Thumb Code    36  bl.o(i.cin_word)
    i.cout                                   0x080024b4   Section        0  bl.o(i.cout)
    i.cout_word                              0x080024bc   Section        0  bl.o(i.cout_word)
    cout_word                                0x080024bd   Thumb Code    12  bl.o(i.cout_word)
    i.delay                                  0x080024c8   Section        0  bl.o(i.delay)
    i.flash_func_erase_sector                0x080024d8   Section        0  flash.o(i.flash_func_erase_sector)
    i.flash_func_read_otp                    0x08002508   Section        0  flash.o(i.flash_func_read_otp)
    i.flash_func_read_sn                     0x0800250c   Section        0  flash.o(i.flash_func_read_sn)
    i.flash_func_read_word                   0x08002510   Section        0  flash.o(i.flash_func_read_word)
    i.flash_func_sector_size                 0x0800251c   Section        0  flash.o(i.flash_func_sector_size)
    i.flash_func_write_word                  0x0800252a   Section        0  flash.o(i.flash_func_write_word)
    i.flash_lock                             0x0800253a   Section        0  flash.o(i.flash_lock)
    i.flash_unlock                           0x08002542   Section        0  flash.o(i.flash_unlock)
    i.fputc                                  0x0800254c   Section        0  terminal.o(i.fputc)
    i.jump_to_app                            0x08002568   Section        0  bl.o(i.jump_to_app)
    i.led_off                                0x08002570   Section        0  flash.o(i.led_off)
    i.led_on                                 0x08002584   Section        0  flash.o(i.led_on)
    i.led_set                                0x08002598   Section        0  bl.o(i.led_set)
    led_set                                  0x08002599   Thumb Code    40  bl.o(i.led_set)
    i.led_toggle                             0x080025c8   Section        0  flash.o(i.led_toggle)
    i.main                                   0x080025dc   Section        0  main.o(i.main)
    i.makeFreeRtosPriority                   0x080025fe   Section        0  cmsis_os.o(i.makeFreeRtosPriority)
    makeFreeRtosPriority                     0x080025ff   Thumb Code    12  cmsis_os.o(i.makeFreeRtosPriority)
    i.osDelay                                0x0800260a   Section        0  cmsis_os.o(i.osDelay)
    i.osKernelStart                          0x0800261a   Section        0  cmsis_os.o(i.osKernelStart)
    i.osSystickHandler                       0x08002624   Section        0  cmsis_os.o(i.osSystickHandler)
    i.osThreadCreate                         0x08002634   Section        0  cmsis_os.o(i.osThreadCreate)
    i.prvAddCurrentTaskToDelayedList         0x0800266c   Section        0  tasks.o(i.prvAddCurrentTaskToDelayedList)
    prvAddCurrentTaskToDelayedList           0x0800266d   Thumb Code    46  tasks.o(i.prvAddCurrentTaskToDelayedList)
    i.prvCheckTasksWaitingTermination        0x080026a0   Section        0  tasks.o(i.prvCheckTasksWaitingTermination)
    prvCheckTasksWaitingTermination          0x080026a1   Thumb Code    78  tasks.o(i.prvCheckTasksWaitingTermination)
    i.prvHeapInit                            0x080026f8   Section        0  heap_4.o(i.prvHeapInit)
    prvHeapInit                              0x080026f9   Thumb Code    60  heap_4.o(i.prvHeapInit)
    i.prvIdleTask                            0x0800273c   Section        0  tasks.o(i.prvIdleTask)
    prvIdleTask                              0x0800273d   Thumb Code    18  tasks.o(i.prvIdleTask)
    i.prvInsertBlockIntoFreeList             0x08002754   Section        0  heap_4.o(i.prvInsertBlockIntoFreeList)
    prvInsertBlockIntoFreeList               0x08002755   Thumb Code    72  heap_4.o(i.prvInsertBlockIntoFreeList)
    i.prvResetNextTaskUnblockTime            0x080027a0   Section        0  tasks.o(i.prvResetNextTaskUnblockTime)
    prvResetNextTaskUnblockTime              0x080027a1   Thumb Code    28  tasks.o(i.prvResetNextTaskUnblockTime)
    i.prvTaskExitError                       0x080027c0   Section        0  port.o(i.prvTaskExitError)
    prvTaskExitError                         0x080027c1   Thumb Code    14  port.o(i.prvTaskExitError)
    i.pvPortMalloc                           0x080027d4   Section        0  heap_4.o(i.pvPortMalloc)
    i.pxPortInitialiseStack                  0x08002884   Section        0  port.o(i.pxPortInitialiseStack)
    i.receive_atk_8266                       0x080028a4   Section        0  terminal_8266.o(i.receive_atk_8266)
    receive_atk_8266                         0x080028a5   Thumb Code   214  terminal_8266.o(i.receive_atk_8266)
    i.receive_terminal_data                  0x080029e0   Section        0  terminal_8266.o(i.receive_terminal_data)
    receive_terminal_data                    0x080029e1   Thumb Code    96  terminal_8266.o(i.receive_terminal_data)
    i.receive_terminal_data_status           0x08002a54   Section        0  terminal_8266.o(i.receive_terminal_data_status)
    receive_terminal_data_status             0x08002a55   Thumb Code   118  terminal_8266.o(i.receive_terminal_data_status)
    i.sync_response                          0x08002ae0   Section        0  bl.o(i.sync_response)
    sync_response                            0x08002ae1   Thumb Code    18  bl.o(i.sync_response)
    i.sys_tick_handler                       0x08002af8   Section        0  bl.o(i.sys_tick_handler)
    i.termina_handle                         0x08002b34   Section        0  terminal_8266.o(i.termina_handle)
    termina_handle                           0x08002b35   Thumb Code   140  terminal_8266.o(i.termina_handle)
    i.termina_wifi_init                      0x08002c10   Section        0  terminal_8266.o(i.termina_wifi_init)
    termina_wifi_init                        0x08002c11   Thumb Code   246  terminal_8266.o(i.termina_wifi_init)
    i.terminal1_data_process                 0x08002e30   Section        0  terminal.o(i.terminal1_data_process)
    i.terminal2_data_process                 0x08002e68   Section        0  terminal.o(i.terminal2_data_process)
    i.uart_cin                               0x08002e94   Section        0  flash.o(i.uart_cin)
    i.uart_cout                              0x08002ed8   Section        0  flash.o(i.uart_cout)
    i.uxListRemove                           0x08002ee2   Section        0  list.o(i.uxListRemove)
    i.vListInitialise                        0x08002f06   Section        0  list.o(i.vListInitialise)
    i.vListInitialiseItem                    0x08002f1c   Section        0  list.o(i.vListInitialiseItem)
    i.vListInsert                            0x08002f22   Section        0  list.o(i.vListInsert)
    i.vListInsertEnd                         0x08002f52   Section        0  list.o(i.vListInsertEnd)
    i.vPortEnterCritical                     0x08002f6c   Section        0  port.o(i.vPortEnterCritical)
    i.vPortExitCritical                      0x08002f84   Section        0  port.o(i.vPortExitCritical)
    i.vPortFree                              0x08002fa0   Section        0  heap_4.o(i.vPortFree)
    i.vPortYield                             0x08002fe4   Section        0  port.o(i.vPortYield)
    i.vTaskDelay                             0x08002ffc   Section        0  tasks.o(i.vTaskDelay)
    i.vTaskStartScheduler                    0x08003038   Section        0  tasks.o(i.vTaskStartScheduler)
    i.vTaskSuspendAll                        0x08003084   Section        0  tasks.o(i.vTaskSuspendAll)
    i.vTaskSwitchContext                     0x08003094   Section        0  tasks.o(i.vTaskSwitchContext)
    i.xPortStartScheduler                    0x080030ec   Section        0  port.o(i.xPortStartScheduler)
    i.xPortSysTickHandler                    0x08003138   Section        0  port.o(i.xPortSysTickHandler)
    i.xTaskGenericCreate                     0x0800315c   Section        0  tasks.o(i.xTaskGenericCreate)
    i.xTaskGetSchedulerState                 0x080032d8   Section        0  tasks.o(i.xTaskGetSchedulerState)
    i.xTaskIncrementTick                     0x080032f8   Section        0  tasks.o(i.xTaskIncrementTick)
    i.xTaskResumeAll                         0x080033b8   Section        0  tasks.o(i.xTaskResumeAll)
    .constdata                               0x08003460   Section       14  flash.o(.constdata)
    __func__                                 0x08003460   Data          14  flash.o(.constdata)
    .constdata                               0x08003470   Section       15  bl.o(.constdata)
    bl_proto_rev                             0x08003470   Data           4  bl.o(.constdata)
    __func__                                 0x08003474   Data          11  bl.o(.constdata)
    .constdata                               0x0800347f   Section       94  terminal_8266.o(.constdata)
    __func__                                 0x0800347f   Data           7  terminal_8266.o(.constdata)
    __func__                                 0x08003486   Data          19  terminal_8266.o(.constdata)
    __func__                                 0x08003499   Data          17  terminal_8266.o(.constdata)
    __func__                                 0x080034aa   Data          18  terminal_8266.o(.constdata)
    __func__                                 0x080034bc   Data          15  terminal_8266.o(.constdata)
    __func__                                 0x080034cb   Data          18  terminal_8266.o(.constdata)
    .constdata                               0x080034e0   Section       60  freertos.o(.constdata)
    .constdata                               0x0800351c   Section       16  system_stm32f0xx.o(.constdata)
    .constdata                               0x0800352c   Section        8  system_stm32f0xx.o(.constdata)
    .conststring                             0x08003534   Section       37  freertos.o(.conststring)
    .data                                    0x20000000   Section        4  stm32f0xx_hal.o(.data)
    .data                                    0x20000004   Section       16  flash.o(.data)
    .data                                    0x20000014   Section        4  flash.o(.data)
    .data                                    0x20000018   Section       16  bl.o(.data)
    _led_state                               0x20000018   Data           1  bl.o(.data)
    head                                     0x2000001c   Data           4  bl.o(.data)
    tail                                     0x20000020   Data           4  bl.o(.data)
    cin_count                                0x20000024   Data           4  bl.o(.data)
    .data                                    0x20000028   Section        9  terminal_8266.o(.data)
    send_buf_size                            0x20000028   Data           2  terminal_8266.o(.data)
    wifi_pdata_len                           0x2000002a   Data           2  terminal_8266.o(.data)
    connection_status                        0x2000002c   Data           5  terminal_8266.o(.data)
    .data                                    0x20000031   Section        1  terminal.o(.data)
    .data                                    0x20000034   Section        4  port.o(.data)
    uxCriticalNesting                        0x20000034   Data           4  port.o(.data)
    .data                                    0x20000038   Section       24  heap_4.o(.data)
    pxEnd                                    0x20000038   Data           4  heap_4.o(.data)
    xFreeBytesRemaining                      0x2000003c   Data           4  heap_4.o(.data)
    xMinimumEverFreeBytesRemaining           0x20000040   Data           4  heap_4.o(.data)
    xBlockAllocatedBit                       0x20000044   Data           4  heap_4.o(.data)
    xStart                                   0x20000048   Data           8  heap_4.o(.data)
    .data                                    0x20000050   Section       56  tasks.o(.data)
    uxTasksDeleted                           0x20000054   Data           4  tasks.o(.data)
    uxCurrentNumberOfTasks                   0x20000058   Data           4  tasks.o(.data)
    xTickCount                               0x2000005c   Data           4  tasks.o(.data)
    uxTopReadyPriority                       0x20000060   Data           4  tasks.o(.data)
    xSchedulerRunning                        0x20000064   Data           4  tasks.o(.data)
    uxPendedTicks                            0x20000068   Data           4  tasks.o(.data)
    xYieldPending                            0x2000006c   Data           4  tasks.o(.data)
    xNumOfOverflows                          0x20000070   Data           4  tasks.o(.data)
    uxTaskNumber                             0x20000074   Data           4  tasks.o(.data)
    xNextTaskUnblockTime                     0x20000078   Data           4  tasks.o(.data)
    uxSchedulerSuspended                     0x2000007c   Data           4  tasks.o(.data)
    pxDelayedTaskList                        0x20000080   Data           4  tasks.o(.data)
    pxOverflowDelayedTaskList                0x20000084   Data           4  tasks.o(.data)
    .data                                    0x20000088   Section       12  freertos.o(.data)
    .data                                    0x20000094   Section        4  system_stm32f0xx.o(.data)
    .data                                    0x20000098   Section        4  stdout.o(.data)
    .bss                                     0x200000a0   Section       32  stm32f0xx_hal_flash.o(.bss)
    .bss                                     0x200000c0   Section       12  flash.o(.bss)
    EraseInitStruct                          0x200000c0   Data          12  flash.o(.bss)
    .bss                                     0x200000cc   Section     1552  bl.o(.bss)
    crctab                                   0x200000cc   Data        1024  bl.o(.bss)
    flash_buffer                             0x200004cc   Data         256  bl.o(.bss)
    rx_buf                                   0x200005cc   Data         256  bl.o(.bss)
    .bss                                     0x200006dc   Section      258  terminal_8266.o(.bss)
    wifi_pdata                               0x200006dc   Data         129  terminal_8266.o(.bss)
    send_buf                                 0x2000075d   Data         129  terminal_8266.o(.bss)
    .bss                                     0x200007de   Section      272  terminal.o(.bss)
    .bss                                     0x200008ee   Section      136  terminal.o(.bss)
    .bss                                     0x20000976   Section      136  terminal.o(.bss)
    .bss                                     0x200009fe   Section     3072  heap_4.o(.bss)
    ucHeap                                   0x200009fe   Data        3072  heap_4.o(.bss)
    .bss                                     0x20001600   Section      240  tasks.o(.bss)
    pxReadyTasksLists                        0x20001600   Data         140  tasks.o(.bss)
    xDelayedTaskList1                        0x2000168c   Data          20  tasks.o(.bss)
    xDelayedTaskList2                        0x200016a0   Data          20  tasks.o(.bss)
    xPendingReadyList                        0x200016b4   Data          20  tasks.o(.bss)
    xTasksWaitingTermination                 0x200016c8   Data          20  tasks.o(.bss)
    xSuspendedTaskList                       0x200016dc   Data          20  tasks.o(.bss)
    .bss                                     0x200016f0   Section      404  usart.o(.bss)
    STACK                                    0x20001888   Section     1024  startup_stm32f030x8.o(STACK)

    Global Symbols

    Symbol Name                              Value     Ov Type        Size  Object(Section)

    BuildAttributes$$THM_ISAv3M$S$PE$A:L22$X:L11$S22$IEEE1$IW$USESV6$~STKCKD$USESV7$~SHL$OSPACE$ROPI$EBA8$MICROLIB$REQ8$PRES8$EABIv2 0x00000000   Number         0  anon$$obj.o ABSOLUTE
    __ARM_use_no_argv                        0x00000000   Number         0  main.o ABSOLUTE
    _printf_a                                0x00000000   Number         0  stubs.o ABSOLUTE
    _printf_c                                0x00000000   Number         0  stubs.o ABSOLUTE
    _printf_charcount                        0x00000000   Number         0  stubs.o ABSOLUTE
    _printf_d                                0x00000000   Number         0  stubs.o ABSOLUTE
    _printf_e                                0x00000000   Number         0  stubs.o ABSOLUTE
    _printf_f                                0x00000000   Number         0  stubs.o ABSOLUTE
    _printf_flags                            0x00000000   Number         0  stubs.o ABSOLUTE
    _printf_fp_dec                           0x00000000   Number         0  stubs.o ABSOLUTE
    _printf_fp_hex                           0x00000000   Number         0  stubs.o ABSOLUTE
    _printf_g                                0x00000000   Number         0  stubs.o ABSOLUTE
    _printf_i                                0x00000000   Number         0  stubs.o ABSOLUTE
    _printf_int_dec                          0x00000000   Number         0  stubs.o ABSOLUTE
    _printf_l                                0x00000000   Number         0  stubs.o ABSOLUTE
    _printf_lc                               0x00000000   Number         0  stubs.o ABSOLUTE
    _printf_ll                               0x00000000   Number         0  stubs.o ABSOLUTE
    _printf_lld                              0x00000000   Number         0  stubs.o ABSOLUTE
    _printf_lli                              0x00000000   Number         0  stubs.o ABSOLUTE
    _printf_llo                              0x00000000   Number         0  stubs.o ABSOLUTE
    _printf_llu                              0x00000000   Number         0  stubs.o ABSOLUTE
    _printf_llx                              0x00000000   Number         0  stubs.o ABSOLUTE
    _printf_longlong_dec                     0x00000000   Number         0  stubs.o ABSOLUTE
    _printf_longlong_hex                     0x00000000   Number         0  stubs.o ABSOLUTE
    _printf_longlong_oct                     0x00000000   Number         0  stubs.o ABSOLUTE
    _printf_ls                               0x00000000   Number         0  stubs.o ABSOLUTE
    _printf_mbtowc                           0x00000000   Number         0  stubs.o ABSOLUTE
    _printf_n                                0x00000000   Number         0  stubs.o ABSOLUTE
    _printf_o                                0x00000000   Number         0  stubs.o ABSOLUTE
    _printf_p                                0x00000000   Number         0  stubs.o ABSOLUTE
    _printf_percent                          0x00000000   Number         0  stubs.o ABSOLUTE
    _printf_pre_padding                      0x00000000   Number         0  stubs.o ABSOLUTE
    _printf_return_value                     0x00000000   Number         0  stubs.o ABSOLUTE
    _printf_s                                0x00000000   Number         0  stubs.o ABSOLUTE
    _printf_sizespec                         0x00000000   Number         0  stubs.o ABSOLUTE
    _printf_str                              0x00000000   Number         0  stubs.o ABSOLUTE
    _printf_truncate_signed                  0x00000000   Number         0  stubs.o ABSOLUTE
    _printf_truncate_unsigned                0x00000000   Number         0  stubs.o ABSOLUTE
    _printf_u                                0x00000000   Number         0  stubs.o ABSOLUTE
    _printf_wc                               0x00000000   Number         0  stubs.o ABSOLUTE
    _printf_wctomb                           0x00000000   Number         0  stubs.o ABSOLUTE
    _printf_widthprec                        0x00000000   Number         0  stubs.o ABSOLUTE
    _printf_x                                0x00000000   Number         0  stubs.o ABSOLUTE
    __cpp_initialize__aeabi_                  - Undefined Weak Reference
    __cxa_finalize                            - Undefined Weak Reference
    __decompress                              - Undefined Weak Reference
    _clock_init                               - Undefined Weak Reference
    _microlib_exit                            - Undefined Weak Reference
    __Vectors_Size                           0x000000b4   Number         0  startup_stm32f030x8.o ABSOLUTE
    __Vectors                                0x08000000   Data           4  startup_stm32f030x8.o(RESET)
    __Vectors_End                            0x080000b4   Data           0  startup_stm32f030x8.o(RESET)
    __main                                   0x080000b5   Thumb Code     0  entry.o(.ARM.Collect$$$$00000000)
    _main_stk                                0x080000b5   Thumb Code     0  entry2.o(.ARM.Collect$$$$00000001)
    _main_scatterload                        0x080000b9   Thumb Code     0  entry5.o(.ARM.Collect$$$$00000004)
    __main_after_scatterload                 0x080000bd   Thumb Code     0  entry5.o(.ARM.Collect$$$$00000004)
    _main_clock                              0x080000bd   Thumb Code     0  entry7b.o(.ARM.Collect$$$$00000008)
    _main_cpp_init                           0x080000bd   Thumb Code     0  entry8b.o(.ARM.Collect$$$$0000000A)
    _main_init                               0x080000bd   Thumb Code     0  entry9a.o(.ARM.Collect$$$$0000000B)
    __rt_final_cpp                           0x080000c5   Thumb Code     0  entry10a.o(.ARM.Collect$$$$0000000D)
    __rt_final_exit                          0x080000c5   Thumb Code     0  entry11a.o(.ARM.Collect$$$$0000000F)
    __asm___6_port_c_39a90d8d__prvPortStartFirstTask 0x080000c9   Thumb Code    28  port.o(.emb_text)
    ulSetInterruptMaskFromISR                0x080000e9   Thumb Code     8  port.o(.emb_text)
    vClearInterruptMaskFromISR               0x080000f1   Thumb Code     6  port.o(.emb_text)
    PendSV_Handler                           0x080000f7   Thumb Code    62  port.o(.emb_text)
    Reset_Handler                            0x08000139   Thumb Code     8  startup_stm32f030x8.o(.text)
    ADC1_IRQHandler                          0x0800014b   Thumb Code     0  startup_stm32f030x8.o(.text)
    DMA1_Channel1_IRQHandler                 0x0800014b   Thumb Code     0  startup_stm32f030x8.o(.text)
    EXTI0_1_IRQHandler                       0x0800014b   Thumb Code     0  startup_stm32f030x8.o(.text)
    EXTI2_3_IRQHandler                       0x0800014b   Thumb Code     0  startup_stm32f030x8.o(.text)
    EXTI4_15_IRQHandler                      0x0800014b   Thumb Code     0  startup_stm32f030x8.o(.text)
    FLASH_IRQHandler                         0x0800014b   Thumb Code     0  startup_stm32f030x8.o(.text)
    I2C1_IRQHandler                          0x0800014b   Thumb Code     0  startup_stm32f030x8.o(.text)
    I2C2_IRQHandler                          0x0800014b   Thumb Code     0  startup_stm32f030x8.o(.text)
    RCC_IRQHandler                           0x0800014b   Thumb Code     0  startup_stm32f030x8.o(.text)
    RTC_IRQHandler                           0x0800014b   Thumb Code     0  startup_stm32f030x8.o(.text)
    SPI1_IRQHandler                          0x0800014b   Thumb Code     0  startup_stm32f030x8.o(.text)
    SPI2_IRQHandler                          0x0800014b   Thumb Code     0  startup_stm32f030x8.o(.text)
    TIM14_IRQHandler                         0x0800014b   Thumb Code     0  startup_stm32f030x8.o(.text)
    TIM15_IRQHandler                         0x0800014b   Thumb Code     0  startup_stm32f030x8.o(.text)
    TIM16_IRQHandler                         0x0800014b   Thumb Code     0  startup_stm32f030x8.o(.text)
    TIM17_IRQHandler                         0x0800014b   Thumb Code     0  startup_stm32f030x8.o(.text)
    TIM1_BRK_UP_TRG_COM_IRQHandler           0x0800014b   Thumb Code     0  startup_stm32f030x8.o(.text)
    TIM1_CC_IRQHandler                       0x0800014b   Thumb Code     0  startup_stm32f030x8.o(.text)
    TIM3_IRQHandler                          0x0800014b   Thumb Code     0  startup_stm32f030x8.o(.text)
    WWDG_IRQHandler                          0x0800014b   Thumb Code     0  startup_stm32f030x8.o(.text)
    __aeabi_uidiv                            0x08000155   Thumb Code     0  uidiv.o(.text)
    __aeabi_uidivmod                         0x08000155   Thumb Code    44  uidiv.o(.text)
    __aeabi_llsr                             0x08000181   Thumb Code    34  llushr.o(.text)
    _ll_ushift_r                             0x08000181   Thumb Code     0  llushr.o(.text)
    __aeabi_memcpy                           0x080001a3   Thumb Code    36  memcpya.o(.text)
    __aeabi_memcpy4                          0x080001a3   Thumb Code     0  memcpya.o(.text)
    __aeabi_memcpy8                          0x080001a3   Thumb Code     0  memcpya.o(.text)
    __aeabi_memset                           0x080001c7   Thumb Code    14  memseta.o(.text)
    __aeabi_memset4                          0x080001c7   Thumb Code     0  memseta.o(.text)
    __aeabi_memset8                          0x080001c7   Thumb Code     0  memseta.o(.text)
    __aeabi_memclr                           0x080001d5   Thumb Code     4  memseta.o(.text)
    __aeabi_memclr4                          0x080001d5   Thumb Code     0  memseta.o(.text)
    __aeabi_memclr8                          0x080001d5   Thumb Code     0  memseta.o(.text)
    _memset$wrapper                          0x080001d9   Thumb Code    18  memseta.o(.text)
    strstr                                   0x080001eb   Thumb Code    40  strstr.o(.text)
    strlen                                   0x08000213   Thumb Code    14  strlen.o(.text)
    __scatterload                            0x08000221   Thumb Code    28  init.o(.text)
    __scatterload_rt2                        0x08000221   Thumb Code     0  init.o(.text)
    DMA1_Channel2_3_IRQHandler               0x08000245   Thumb Code    10  stm32f0xx_it.o(i.DMA1_Channel2_3_IRQHandler)
    DMA1_Channel4_5_IRQHandler               0x08000255   Thumb Code    16  stm32f0xx_it.o(i.DMA1_Channel4_5_IRQHandler)
    Error_Handler                            0x0800026d   Thumb Code     2  main.o(i.Error_Handler)
    FLASH_PageErase                          0x08000295   Thumb Code    28  stm32f0xx_hal_flash_ex.o(i.FLASH_PageErase)
    FLASH_WaitForLastOperation               0x08000311   Thumb Code    76  stm32f0xx_hal_flash.o(i.FLASH_WaitForLastOperation)
    HAL_DMA_IRQHandler                       0x08000361   Thumb Code   470  stm32f0xx_hal_dma.o(i.HAL_DMA_IRQHandler)
    HAL_DMA_Init                             0x0800053d   Thumb Code    78  stm32f0xx_hal_dma.o(i.HAL_DMA_Init)
    HAL_FLASHEx_Erase                        0x08000591   Thumb Code   148  stm32f0xx_hal_flash_ex.o(i.HAL_FLASHEx_Erase)
    HAL_FLASH_Lock                           0x08000631   Thumb Code    14  stm32f0xx_hal_flash.o(i.HAL_FLASH_Lock)
    HAL_FLASH_Program                        0x08000645   Thumb Code   110  stm32f0xx_hal_flash.o(i.HAL_FLASH_Program)
    HAL_FLASH_Unlock                         0x080006c1   Thumb Code    24  stm32f0xx_hal_flash.o(i.HAL_FLASH_Unlock)
    HAL_GPIO_Init                            0x080006e5   Thumb Code   302  stm32f0xx_hal_gpio.o(i.HAL_GPIO_Init)
    HAL_GPIO_ReadPin                         0x0800082d   Thumb Code    10  stm32f0xx_hal_gpio.o(i.HAL_GPIO_ReadPin)
    HAL_GPIO_TogglePin                       0x08000837   Thumb Code     8  stm32f0xx_hal_gpio.o(i.HAL_GPIO_TogglePin)
    HAL_GPIO_WritePin                        0x0800083f   Thumb Code    12  stm32f0xx_hal_gpio.o(i.HAL_GPIO_WritePin)
    HAL_GetTick                              0x0800084d   Thumb Code     6  stm32f0xx_hal.o(i.HAL_GetTick)
    HAL_IncTick                              0x08000859   Thumb Code    10  stm32f0xx_hal.o(i.HAL_IncTick)
    HAL_Init                                 0x08000869   Thumb Code    26  stm32f0xx_hal.o(i.HAL_Init)
    HAL_InitTick                             0x08000889   Thumb Code    34  stm32f0xx_hal.o(i.HAL_InitTick)
    HAL_MspInit                              0x080008ad   Thumb Code    50  stm32f0xx_hal_msp.o(i.HAL_MspInit)
    HAL_NVIC_EnableIRQ                       0x080008e5   Thumb Code    14  stm32f0xx_hal_cortex.o(i.HAL_NVIC_EnableIRQ)
    HAL_NVIC_SetPriority                     0x080008f9   Thumb Code     8  stm32f0xx_hal_cortex.o(i.HAL_NVIC_SetPriority)
    HAL_RCCEx_PeriphCLKConfig                0x08000901   Thumb Code   218  stm32f0xx_hal_rcc_ex.o(i.HAL_RCCEx_PeriphCLKConfig)
    HAL_RCC_ClockConfig                      0x080009e9   Thumb Code   280  stm32f0xx_hal_rcc.o(i.HAL_RCC_ClockConfig)
    HAL_RCC_GetHCLKFreq                      0x08000b15   Thumb Code     6  stm32f0xx_hal_rcc.o(i.HAL_RCC_GetHCLKFreq)
    HAL_RCC_GetPCLK1Freq                     0x08000b21   Thumb Code    20  stm32f0xx_hal_rcc.o(i.HAL_RCC_GetPCLK1Freq)
    HAL_RCC_GetSysClockFreq                  0x08000b41   Thumb Code    76  stm32f0xx_hal_rcc.o(i.HAL_RCC_GetSysClockFreq)
    HAL_RCC_OscConfig                        0x08000bb9   Thumb Code   840  stm32f0xx_hal_rcc.o(i.HAL_RCC_OscConfig)
    HAL_SYSTICK_CLKSourceConfig              0x08000f0d   Thumb Code    20  stm32f0xx_hal_cortex.o(i.HAL_SYSTICK_CLKSourceConfig)
    HAL_SYSTICK_Config                       0x08000f25   Thumb Code    38  stm32f0xx_hal_cortex.o(i.HAL_SYSTICK_Config)
    HAL_UART_ErrorCallback                   0x08000f55   Thumb Code     2  stm32f0xx_hal_uart.o(i.HAL_UART_ErrorCallback)
    HAL_UART_IRQHandler                      0x08000f57   Thumb Code   186  stm32f0xx_hal_uart.o(i.HAL_UART_IRQHandler)
    HAL_UART_Init                            0x08001011   Thumb Code   108  stm32f0xx_hal_uart.o(i.HAL_UART_Init)
    HAL_UART_MspInit                         0x0800107d   Thumb Code   264  usart.o(i.HAL_UART_MspInit)
    HAL_UART_RxCpltCallback                  0x0800119d   Thumb Code    12  terminal.o(i.HAL_UART_RxCpltCallback)
    HAL_UART_Transmit                        0x080011a9   Thumb Code   176  stm32f0xx_hal_uart.o(i.HAL_UART_Transmit)
    HAL_UART_TxCpltCallback                  0x08001259   Thumb Code     2  stm32f0xx_hal_uart.o(i.HAL_UART_TxCpltCallback)
    HardFault_Handler                        0x0800125b   Thumb Code     2  stm32f0xx_it.o(i.HardFault_Handler)
    MX_DMA_Init                              0x0800125d   Thumb Code    52  dma.o(i.MX_DMA_Init)
    MX_FREERTOS_Init                         0x08001295   Thumb Code    74  freertos.o(i.MX_FREERTOS_Init)
    MX_GPIO_Init                             0x080012e9   Thumb Code   178  gpio.o(i.MX_GPIO_Init)
    MX_USART1_UART_Init                      0x080013ad   Thumb Code    48  usart.o(i.MX_USART1_UART_Init)
    MX_USART2_UART_Init                      0x080013e5   Thumb Code    48  usart.o(i.MX_USART2_UART_Init)
    NMI_Handler                              0x0800141d   Thumb Code     2  stm32f0xx_it.o(i.NMI_Handler)
    SVC_Handler                              0x08001465   Thumb Code     2  port.o(i.SVC_Handler)
    StartBootTask                            0x08001469   Thumb Code    98  flash.o(i.StartBootTask)
    StartDefaultTask                         0x08001525   Thumb Code     8  freertos.o(i.StartDefaultTask)
    StartTerminalTask                        0x0800152d   Thumb Code   318  terminal_8266.o(i.StartTerminalTask)
    SysTick_Handler                          0x080016d1   Thumb Code    16  stm32f0xx_it.o(i.SysTick_Handler)
    SystemClock_Config                       0x080016e1   Thumb Code   118  main.o(i.SystemClock_Config)
    SystemInit                               0x08001759   Thumb Code    78  system_stm32f0xx.o(i.SystemInit)
    UART_AdvFeatureConfig                    0x080017b5   Thumb Code   202  stm32f0xx_hal_uart.o(i.UART_AdvFeatureConfig)
    UART_CheckIdleState                      0x0800187f   Thumb Code    18  stm32f0xx_hal_uart.o(i.UART_CheckIdleState)
    UART_EndTransmit_IT                      0x08001891   Thumb Code    26  stm32f0xx_hal_uart.o(i.UART_EndTransmit_IT)
    UART_Receive_IT                          0x080018ab   Thumb Code   130  stm32f0xx_hal_uart.o(i.UART_Receive_IT)
    UART_SetConfig                           0x0800192d   Thumb Code   280  stm32f0xx_hal_uart.o(i.UART_SetConfig)
    UART_Transmit_IT                         0x08001a5d   Thumb Code   102  stm32f0xx_hal_uart.o(i.UART_Transmit_IT)
    UART_WaitOnFlagUntilTimeout              0x08001ac3   Thumb Code   178  stm32f0xx_hal_uart.o(i.UART_WaitOnFlagUntilTimeout)
    USART1_IRQHandler                        0x08001b75   Thumb Code    20  stm32f0xx_it.o(i.USART1_IRQHandler)
    USART2_IRQHandler                        0x08001b91   Thumb Code    20  stm32f0xx_it.o(i.USART2_IRQHandler)
    __0printf$3                              0x08001bad   Thumb Code    24  printf3.o(i.__0printf$3)
    __1printf$3                              0x08001bad   Thumb Code     0  printf3.o(i.__0printf$3)
    __2printf                                0x08001bad   Thumb Code     0  printf3.o(i.__0printf$3)
    __0snprintf$3                            0x08001bcd   Thumb Code    38  printf3.o(i.__0snprintf$3)
    __1snprintf$3                            0x08001bcd   Thumb Code     0  printf3.o(i.__0snprintf$3)
    __2snprintf                              0x08001bcd   Thumb Code     0  printf3.o(i.__0snprintf$3)
    __0sprintf$3                             0x08001bf9   Thumb Code    36  printf3.o(i.__0sprintf$3)
    __1sprintf$3                             0x08001bf9   Thumb Code     0  printf3.o(i.__0sprintf$3)
    __2sprintf                               0x08001bf9   Thumb Code     0  printf3.o(i.__0sprintf$3)
    __ARM_common_switch8                     0x08001c21   Thumb Code    26  bl.o(i.__ARM_common_switch8)
    __scatterload_copy                       0x08001c3b   Thumb Code    14  handlers.o(i.__scatterload_copy)
    __scatterload_null                       0x08001c49   Thumb Code     2  handlers.o(i.__scatterload_null)
    __scatterload_zeroinit                   0x08001c4b   Thumb Code    14  handlers.o(i.__scatterload_zeroinit)
    boot_send                                0x0800206d   Thumb Code    50  terminal_8266.o(i.boot_send)
    bootloader                               0x080020a9   Thumb Code   814  bl.o(i.bootloader)
    cout                                     0x080024b5   Thumb Code     8  bl.o(i.cout)
    delay                                    0x080024c9   Thumb Code    12  bl.o(i.delay)
    flash_func_erase_sector                  0x080024d9   Thumb Code    34  flash.o(i.flash_func_erase_sector)
    flash_func_read_otp                      0x08002509   Thumb Code     4  flash.o(i.flash_func_read_otp)
    flash_func_read_sn                       0x0800250d   Thumb Code     4  flash.o(i.flash_func_read_sn)
    flash_func_read_word                     0x08002511   Thumb Code     8  flash.o(i.flash_func_read_word)
    flash_func_sector_size                   0x0800251d   Thumb Code    14  flash.o(i.flash_func_sector_size)
    flash_func_write_word                    0x0800252b   Thumb Code    16  flash.o(i.flash_func_write_word)
    flash_lock                               0x0800253b   Thumb Code     8  flash.o(i.flash_lock)
    flash_unlock                             0x08002543   Thumb Code     8  flash.o(i.flash_unlock)
    fputc                                    0x0800254d   Thumb Code    24  terminal.o(i.fputc)
    jump_to_app                              0x08002569   Thumb Code     8  bl.o(i.jump_to_app)
    led_off                                  0x08002571   Thumb Code    14  flash.o(i.led_off)
    led_on                                   0x08002585   Thumb Code    16  flash.o(i.led_on)
    led_toggle                               0x080025c9   Thumb Code    14  flash.o(i.led_toggle)
    main                                     0x080025dd   Thumb Code    34  main.o(i.main)
    osDelay                                  0x0800260b   Thumb Code    16  cmsis_os.o(i.osDelay)
    osKernelStart                            0x0800261b   Thumb Code    10  cmsis_os.o(i.osKernelStart)
    osSystickHandler                         0x08002625   Thumb Code    16  cmsis_os.o(i.osSystickHandler)
    osThreadCreate                           0x08002635   Thumb Code    56  cmsis_os.o(i.osThreadCreate)
    pvPortMalloc                             0x080027d5   Thumb Code   172  heap_4.o(i.pvPortMalloc)
    pxPortInitialiseStack                    0x08002885   Thumb Code    28  port.o(i.pxPortInitialiseStack)
    sys_tick_handler                         0x08002af9   Thumb Code    52  bl.o(i.sys_tick_handler)
    terminal1_data_process                   0x08002e31   Thumb Code    48  terminal.o(i.terminal1_data_process)
    terminal2_data_process                   0x08002e69   Thumb Code    38  terminal.o(i.terminal2_data_process)
    uart_cin                                 0x08002e95   Thumb Code    64  flash.o(i.uart_cin)
    uart_cout                                0x08002ed9   Thumb Code    10  flash.o(i.uart_cout)
    uxListRemove                             0x08002ee3   Thumb Code    36  list.o(i.uxListRemove)
    vListInitialise                          0x08002f07   Thumb Code    22  list.o(i.vListInitialise)
    vListInitialiseItem                      0x08002f1d   Thumb Code     6  list.o(i.vListInitialiseItem)
    vListInsert                              0x08002f23   Thumb Code    48  list.o(i.vListInsert)
    vListInsertEnd                           0x08002f53   Thumb Code    24  list.o(i.vListInsertEnd)
    vPortEnterCritical                       0x08002f6d   Thumb Code    20  port.o(i.vPortEnterCritical)
    vPortExitCritical                        0x08002f85   Thumb Code    22  port.o(i.vPortExitCritical)
    vPortFree                                0x08002fa1   Thumb Code    62  heap_4.o(i.vPortFree)
    vPortYield                               0x08002fe5   Thumb Code    18  port.o(i.vPortYield)
    vTaskDelay                               0x08002ffd   Thumb Code    54  tasks.o(i.vTaskDelay)
    vTaskStartScheduler                      0x08003039   Thumb Code    58  tasks.o(i.vTaskStartScheduler)
    vTaskSuspendAll                          0x08003085   Thumb Code    10  tasks.o(i.vTaskSuspendAll)
    vTaskSwitchContext                       0x08003095   Thumb Code    78  tasks.o(i.vTaskSwitchContext)
    xPortStartScheduler                      0x080030ed   Thumb Code    58  port.o(i.xPortStartScheduler)
    xPortSysTickHandler                      0x08003139   Thumb Code    32  port.o(i.xPortSysTickHandler)
    xTaskGenericCreate                       0x0800315d   Thumb Code   370  tasks.o(i.xTaskGenericCreate)
    xTaskGetSchedulerState                   0x080032d9   Thumb Code    26  tasks.o(i.xTaskGetSchedulerState)
    xTaskIncrementTick                       0x080032f9   Thumb Code   184  tasks.o(i.xTaskIncrementTick)
    xTaskResumeAll                           0x080033b9   Thumb Code   160  tasks.o(i.xTaskResumeAll)
    AHBPrescTable                            0x0800351c   Data          16  system_stm32f0xx.o(.constdata)
    APBPrescTable                            0x0800352c   Data           8  system_stm32f0xx.o(.constdata)
    Region$$Table$$Base                      0x0800355c   Number         0  anon$$obj.o(Region$$Table)
    Region$$Table$$Limit                     0x0800357c   Number         0  anon$$obj.o(Region$$Table)
    uwTick                                   0x20000000   Data           4  stm32f0xx_hal.o(.data)
    board_info                               0x20000004   Data          16  flash.o(.data)
    PAGEError                                0x20000014   Data           4  flash.o(.data)
    terminal_rx_flag                         0x20000031   Data           1  terminal.o(.data)
    pxCurrentTCB                             0x20000050   Data           4  tasks.o(.data)
    defaultTaskHandle                        0x20000088   Data           4  freertos.o(.data)
    TerminalTaskHandle                       0x2000008c   Data           4  freertos.o(.data)
    BootTaskHandle                           0x20000090   Data           4  freertos.o(.data)
    SystemCoreClock                          0x20000094   Data           4  system_stm32f0xx.o(.data)
    __stdout                                 0x20000098   Data           4  stdout.o(.data)
    pFlash                                   0x200000a0   Data          32  stm32f0xx_hal_flash.o(.bss)
    timer                                    0x200006cc   Data          16  bl.o(.bss)
    cache                                    0x200007de   Data         136  terminal.o(.bss)
    cache1_terminal                          0x20000866   Data         136  terminal.o(.bss)
    cache1_terminal_tx                       0x200008ee   Data         136  terminal.o(.bss)
    cache_board                              0x20000976   Data         136  terminal.o(.bss)
    huart1                                   0x200016f0   Data         112  usart.o(.bss)
    huart2                                   0x20001760   Data         112  usart.o(.bss)
    hdma_usart1_tx                           0x200017d0   Data          60  usart.o(.bss)
    hdma_usart2_tx                           0x2000180c   Data          60  usart.o(.bss)
    hdma_usart2_rx                           0x20001848   Data          60  usart.o(.bss)
    __initial_sp                             0x20001c88   Data           0  startup_stm32f030x8.o(STACK)



==============================================================================

Memory Map of the image

  Image Entry point : 0x080000b5

  Load Region LR_IROM1 (Base: 0x08000000, Size: 0x00003618, Max: 0x00010000, ABSOLUTE)

    Execution Region ER_IROM1 (Base: 0x08000000, Size: 0x0000357c, Max: 0x00010000, ABSOLUTE)

    Base Addr    Size         Type   Attr      Idx    E Section Name        Object

    0x08000000   0x000000b4   Data   RO         3068    RESET               startup_stm32f030x8.o
    0x080000b4   0x00000000   Code   RO         3337  * .ARM.Collect$$$$00000000  mc_p.l(entry.o)
    0x080000b4   0x00000004   Code   RO         3615    .ARM.Collect$$$$00000001  mc_p.l(entry2.o)
    0x080000b8   0x00000004   Code   RO         3618    .ARM.Collect$$$$00000004  mc_p.l(entry5.o)
    0x080000bc   0x00000000   Code   RO         3620    .ARM.Collect$$$$00000008  mc_p.l(entry7b.o)
    0x080000bc   0x00000000   Code   RO         3622    .ARM.Collect$$$$0000000A  mc_p.l(entry8b.o)
    0x080000bc   0x00000008   Code   RO         3623    .ARM.Collect$$$$0000000B  mc_p.l(entry9a.o)
    0x080000c4   0x00000000   Code   RO         3625    .ARM.Collect$$$$0000000D  mc_p.l(entry10a.o)
    0x080000c4   0x00000000   Code   RO         3627    .ARM.Collect$$$$0000000F  mc_p.l(entry11a.o)
    0x080000c4   0x00000004   Code   RO         3616    .ARM.Collect$$$$00002712  mc_p.l(entry2.o)
    0x080000c8   0x00000070   Code   RO         2069    .emb_text           port.o
    0x08000138   0x0000001c   Code   RO         3069    .text               startup_stm32f030x8.o
    0x08000154   0x0000002c   Code   RO         3340    .text               mc_p.l(uidiv.o)
    0x08000180   0x00000022   Code   RO         3342    .text               mc_p.l(llushr.o)
    0x080001a2   0x00000024   Code   RO         3344    .text               mc_p.l(memcpya.o)
    0x080001c6   0x00000024   Code   RO         3346    .text               mc_p.l(memseta.o)
    0x080001ea   0x00000028   Code   RO         3348    .text               mc_p.l(strstr.o)
    0x08000212   0x0000000e   Code   RO         3350    .text               mc_p.l(strlen.o)
    0x08000220   0x00000024   Code   RO         3643    .text               mc_p.l(init.o)
    0x08000244   0x00000010   Code   RO         3106    i.DMA1_Channel2_3_IRQHandler  stm32f0xx_it.o
    0x08000254   0x00000018   Code   RO         3107    i.DMA1_Channel4_5_IRQHandler  stm32f0xx_it.o
    0x0800026c   0x00000002   Code   RO         3209    i.Error_Handler     main.o
    0x0800026e   0x00000002   PAD
    0x08000270   0x00000024   Code   RO          948    i.FLASH_MassErase   stm32f0xx_hal_flash_ex.o
    0x08000294   0x00000024   Code   RO          953    i.FLASH_PageErase   stm32f0xx_hal_flash_ex.o
    0x080002b8   0x00000020   Code   RO            3    i.FLASH_Program_HalfWord  stm32f0xx_hal_flash.o
    0x080002d8   0x00000038   Code   RO            4    i.FLASH_SetErrorCode  stm32f0xx_hal_flash.o
    0x08000310   0x00000050   Code   RO            5    i.FLASH_WaitForLastOperation  stm32f0xx_hal_flash.o
    0x08000360   0x000001dc   Code   RO          656    i.HAL_DMA_IRQHandler  stm32f0xx_hal_dma.o
    0x0800053c   0x00000054   Code   RO          657    i.HAL_DMA_Init      stm32f0xx_hal_dma.o
    0x08000590   0x000000a0   Code   RO          954    i.HAL_FLASHEx_Erase  stm32f0xx_hal_flash_ex.o
    0x08000630   0x00000014   Code   RO            9    i.HAL_FLASH_Lock    stm32f0xx_hal_flash.o
    0x08000644   0x0000007c   Code   RO           14    i.HAL_FLASH_Program  stm32f0xx_hal_flash.o
    0x080006c0   0x00000024   Code   RO           16    i.HAL_FLASH_Unlock  stm32f0xx_hal_flash.o
    0x080006e4   0x00000148   Code   RO          889    i.HAL_GPIO_Init     stm32f0xx_hal_gpio.o
    0x0800082c   0x0000000a   Code   RO          891    i.HAL_GPIO_ReadPin  stm32f0xx_hal_gpio.o
    0x08000836   0x00000008   Code   RO          892    i.HAL_GPIO_TogglePin  stm32f0xx_hal_gpio.o
    0x0800083e   0x0000000c   Code   RO          893    i.HAL_GPIO_WritePin  stm32f0xx_hal_gpio.o
    0x0800084a   0x00000002   PAD
    0x0800084c   0x0000000c   Code   RO          776    i.HAL_GetTick       stm32f0xx_hal.o
    0x08000858   0x00000010   Code   RO          777    i.HAL_IncTick       stm32f0xx_hal.o
    0x08000868   0x00000020   Code   RO          778    i.HAL_Init          stm32f0xx_hal.o
    0x08000888   0x00000022   Code   RO          779    i.HAL_InitTick      stm32f0xx_hal.o
    0x080008aa   0x00000002   PAD
    0x080008ac   0x00000038   Code   RO         3241    i.HAL_MspInit       stm32f0xx_hal_msp.o
    0x080008e4   0x00000014   Code   RO          224    i.HAL_NVIC_EnableIRQ  stm32f0xx_hal_cortex.o
    0x080008f8   0x00000008   Code   RO          228    i.HAL_NVIC_SetPriority  stm32f0xx_hal_cortex.o
    0x08000900   0x000000e8   Code   RO         1587    i.HAL_RCCEx_PeriphCLKConfig  stm32f0xx_hal_rcc_ex.o
    0x080009e8   0x0000012c   Code   RO         1480    i.HAL_RCC_ClockConfig  stm32f0xx_hal_rcc.o
    0x08000b14   0x0000000c   Code   RO         1485    i.HAL_RCC_GetHCLKFreq  stm32f0xx_hal_rcc.o
    0x08000b20   0x00000020   Code   RO         1487    i.HAL_RCC_GetPCLK1Freq  stm32f0xx_hal_rcc.o
    0x08000b40   0x00000078   Code   RO         1488    i.HAL_RCC_GetSysClockFreq  stm32f0xx_hal_rcc.o
    0x08000bb8   0x00000354   Code   RO         1491    i.HAL_RCC_OscConfig  stm32f0xx_hal_rcc.o
    0x08000f0c   0x00000018   Code   RO          230    i.HAL_SYSTICK_CLKSourceConfig  stm32f0xx_hal_cortex.o
    0x08000f24   0x00000030   Code   RO          232    i.HAL_SYSTICK_Config  stm32f0xx_hal_cortex.o
    0x08000f54   0x00000002   Code   RO          327    i.HAL_UART_ErrorCallback  stm32f0xx_hal_uart.o
    0x08000f56   0x000000ba   Code   RO          330    i.HAL_UART_IRQHandler  stm32f0xx_hal_uart.o
    0x08001010   0x0000006c   Code   RO          331    i.HAL_UART_Init     stm32f0xx_hal_uart.o
    0x0800107c   0x00000120   Code   RO         3262    i.HAL_UART_MspInit  usart.o
    0x0800119c   0x0000000c   Code   RO         1998    i.HAL_UART_RxCpltCallback  terminal.o
    0x080011a8   0x000000b0   Code   RO          339    i.HAL_UART_Transmit  stm32f0xx_hal_uart.o
    0x08001258   0x00000002   Code   RO          342    i.HAL_UART_TxCpltCallback  stm32f0xx_hal_uart.o
    0x0800125a   0x00000002   Code   RO         3108    i.HardFault_Handler  stm32f0xx_it.o
    0x0800125c   0x00000038   Code   RO         3166    i.MX_DMA_Init       dma.o
    0x08001294   0x00000054   Code   RO         3075    i.MX_FREERTOS_Init  freertos.o
    0x080012e8   0x000000c4   Code   RO         3189    i.MX_GPIO_Init      gpio.o
    0x080013ac   0x00000038   Code   RO         3263    i.MX_USART1_UART_Init  usart.o
    0x080013e4   0x00000038   Code   RO         3264    i.MX_USART2_UART_Init  usart.o
    0x0800141c   0x00000002   Code   RO         3109    i.NMI_Handler       stm32f0xx_it.o
    0x0800141e   0x00000002   PAD
    0x08001420   0x00000044   Code   RO          234    i.NVIC_SetPriority  stm32f0xx_hal_cortex.o
    0x08001464   0x00000002   Code   RO         2070    i.SVC_Handler       port.o
    0x08001466   0x00000002   PAD
    0x08001468   0x000000bc   Code   RO         1617    i.StartBootTask     flash.o
    0x08001524   0x00000008   Code   RO         3076    i.StartDefaultTask  freertos.o
    0x0800152c   0x000001a4   Code   RO         1871    i.StartTerminalTask  terminal_8266.o
    0x080016d0   0x00000010   Code   RO         3110    i.SysTick_Handler   stm32f0xx_it.o
    0x080016e0   0x00000076   Code   RO         3210    i.SystemClock_Config  main.o
    0x08001756   0x00000002   PAD
    0x08001758   0x0000005c   Code   RO         3306    i.SystemInit        system_stm32f0xx.o
    0x080017b4   0x000000ca   Code   RO          344    i.UART_AdvFeatureConfig  stm32f0xx_hal_uart.o
    0x0800187e   0x00000012   Code   RO          345    i.UART_CheckIdleState  stm32f0xx_hal_uart.o
    0x08001890   0x0000001a   Code   RO          351    i.UART_EndTransmit_IT  stm32f0xx_hal_uart.o
    0x080018aa   0x00000082   Code   RO          352    i.UART_Receive_IT   stm32f0xx_hal_uart.o
    0x0800192c   0x00000130   Code   RO          353    i.UART_SetConfig    stm32f0xx_hal_uart.o
    0x08001a5c   0x00000066   Code   RO          354    i.UART_Transmit_IT  stm32f0xx_hal_uart.o
    0x08001ac2   0x000000b2   Code   RO          355    i.UART_WaitOnFlagUntilTimeout  stm32f0xx_hal_uart.o
    0x08001b74   0x0000001c   Code   RO         3111    i.USART1_IRQHandler  stm32f0xx_it.o
    0x08001b90   0x0000001c   Code   RO         3112    i.USART2_IRQHandler  stm32f0xx_it.o
    0x08001bac   0x00000020   Code   RO         3443    i.__0printf$3       mc_p.l(printf3.o)
    0x08001bcc   0x0000002c   Code   RO         3444    i.__0snprintf$3     mc_p.l(printf3.o)
    0x08001bf8   0x00000028   Code   RO         3445    i.__0sprintf$3      mc_p.l(printf3.o)
    0x08001c20   0x0000001a   Code   RO         1843    i.__ARM_common_switch8  bl.o
    0x08001c3a   0x0000000e   Code   RO         3655    i.__scatterload_copy  mc_p.l(handlers.o)
    0x08001c48   0x00000002   Code   RO         3656    i.__scatterload_null  mc_p.l(handlers.o)
    0x08001c4a   0x0000000e   Code   RO         3657    i.__scatterload_zeroinit  mc_p.l(handlers.o)
    0x08001c58   0x000000b8   Code   RO         1872    i._atk_8266_send_cmd  terminal_8266.o
    0x08001d10   0x000001cc   Code   RO         3450    i._printf_core      mc_p.l(printf3.o)
    0x08001edc   0x00000114   Code   RO         1873    i._setAP            terminal_8266.o
    0x08001ff0   0x00000016   Code   RO         3451    i._snputc           mc_p.l(printf3.o)
    0x08002006   0x0000000a   Code   RO         3452    i._sputc            mc_p.l(printf3.o)
    0x08002010   0x0000005c   Code   RO         1874    i._wait_mode_ready  terminal_8266.o
    0x0800206c   0x0000003c   Code   RO         1875    i.boot_send         terminal_8266.o
    0x080020a8   0x0000038c   Code   RO         1753    i.bootloader        bl.o
    0x08002434   0x00000034   Code   RO         1876    i.cache_queue_read_byte  terminal_8266.o
    0x08002468   0x00000028   Code   RO         1756    i.cin_wait          bl.o
    0x08002490   0x00000024   Code   RO         1757    i.cin_word          bl.o
    0x080024b4   0x00000008   Code   RO         1838    i.cout              bl.o
    0x080024bc   0x0000000c   Code   RO         1758    i.cout_word         bl.o
    0x080024c8   0x00000010   Code   RO         1759    i.delay             bl.o
    0x080024d8   0x00000030   Code   RO         1618    i.flash_func_erase_sector  flash.o
    0x08002508   0x00000004   Code   RO         1619    i.flash_func_read_otp  flash.o
    0x0800250c   0x00000004   Code   RO         1620    i.flash_func_read_sn  flash.o
    0x08002510   0x0000000c   Code   RO         1621    i.flash_func_read_word  flash.o
    0x0800251c   0x0000000e   Code   RO         1622    i.flash_func_sector_size  flash.o
    0x0800252a   0x00000010   Code   RO         1623    i.flash_func_write_word  flash.o
    0x0800253a   0x00000008   Code   RO         1624    i.flash_lock        flash.o
    0x08002542   0x00000008   Code   RO         1625    i.flash_unlock      flash.o
    0x0800254a   0x00000002   PAD
    0x0800254c   0x0000001c   Code   RO         1999    i.fputc             terminal.o
    0x08002568   0x00000008   Code   RO         1760    i.jump_to_app       bl.o
    0x08002570   0x00000014   Code   RO         1626    i.led_off           flash.o
    0x08002584   0x00000014   Code   RO         1627    i.led_on            flash.o
    0x08002598   0x00000030   Code   RO         1761    i.led_set           bl.o
    0x080025c8   0x00000014   Code   RO         1628    i.led_toggle        flash.o
    0x080025dc   0x00000022   Code   RO         3211    i.main              main.o
    0x080025fe   0x0000000c   Code   RO         2631    i.makeFreeRtosPriority  cmsis_os.o
    0x0800260a   0x00000010   Code   RO         2632    i.osDelay           cmsis_os.o
    0x0800261a   0x0000000a   Code   RO         2635    i.osKernelStart     cmsis_os.o
    0x08002624   0x00000010   Code   RO         2664    i.osSystickHandler  cmsis_os.o
    0x08002634   0x00000038   Code   RO         2665    i.osThreadCreate    cmsis_os.o
    0x0800266c   0x00000034   Code   RO         2345    i.prvAddCurrentTaskToDelayedList  tasks.o
    0x080026a0   0x00000058   Code   RO         2346    i.prvCheckTasksWaitingTermination  tasks.o
    0x080026f8   0x00000044   Code   RO         2149    i.prvHeapInit       heap_4.o
    0x0800273c   0x00000018   Code   RO         2347    i.prvIdleTask       tasks.o
    0x08002754   0x0000004c   Code   RO         2150    i.prvInsertBlockIntoFreeList  heap_4.o
    0x080027a0   0x00000020   Code   RO         2349    i.prvResetNextTaskUnblockTime  tasks.o
    0x080027c0   0x00000014   Code   RO         2071    i.prvTaskExitError  port.o
    0x080027d4   0x000000b0   Code   RO         2151    i.pvPortMalloc      heap_4.o
    0x08002884   0x00000020   Code   RO         2072    i.pxPortInitialiseStack  port.o
    0x080028a4   0x0000013c   Code   RO         1877    i.receive_atk_8266  terminal_8266.o
    0x080029e0   0x00000074   Code   RO         1878    i.receive_terminal_data  terminal_8266.o
    0x08002a54   0x0000008c   Code   RO         1879    i.receive_terminal_data_status  terminal_8266.o
    0x08002ae0   0x00000018   Code   RO         1762    i.sync_response     bl.o
    0x08002af8   0x0000003c   Code   RO         1763    i.sys_tick_handler  bl.o
    0x08002b34   0x000000dc   Code   RO         1880    i.termina_handle    terminal_8266.o
    0x08002c10   0x00000220   Code   RO         1881    i.termina_wifi_init  terminal_8266.o
    0x08002e30   0x00000038   Code   RO         2001    i.terminal1_data_process  terminal.o
    0x08002e68   0x0000002c   Code   RO         2002    i.terminal2_data_process  terminal.o
    0x08002e94   0x00000044   Code   RO         1630    i.uart_cin          flash.o
    0x08002ed8   0x0000000a   Code   RO         1632    i.uart_cout         flash.o
    0x08002ee2   0x00000024   Code   RO         3030    i.uxListRemove      list.o
    0x08002f06   0x00000016   Code   RO         3031    i.vListInitialise   list.o
    0x08002f1c   0x00000006   Code   RO         3032    i.vListInitialiseItem  list.o
    0x08002f22   0x00000030   Code   RO         3033    i.vListInsert       list.o
    0x08002f52   0x00000018   Code   RO         3034    i.vListInsertEnd    list.o
    0x08002f6a   0x00000002   PAD
    0x08002f6c   0x00000018   Code   RO         2074    i.vPortEnterCritical  port.o
    0x08002f84   0x0000001c   Code   RO         2075    i.vPortExitCritical  port.o
    0x08002fa0   0x00000044   Code   RO         2152    i.vPortFree         heap_4.o
    0x08002fe4   0x00000018   Code   RO         2076    i.vPortYield        port.o
    0x08002ffc   0x0000003c   Code   RO         2359    i.vTaskDelay        tasks.o
    0x08003038   0x0000004c   Code   RO         2371    i.vTaskStartScheduler  tasks.o
    0x08003084   0x00000010   Code   RO         2373    i.vTaskSuspendAll   tasks.o
    0x08003094   0x00000058   Code   RO         2374    i.vTaskSwitchContext  tasks.o
    0x080030ec   0x0000004c   Code   RO         2077    i.xPortStartScheduler  port.o
    0x08003138   0x00000024   Code   RO         2078    i.xPortSysTickHandler  port.o
    0x0800315c   0x0000017c   Code   RO         2376    i.xTaskGenericCreate  tasks.o
    0x080032d8   0x00000020   Code   RO         2380    i.xTaskGetSchedulerState  tasks.o
    0x080032f8   0x000000c0   Code   RO         2383    i.xTaskIncrementTick  tasks.o
    0x080033b8   0x000000a8   Code   RO         2389    i.xTaskResumeAll    tasks.o
    0x08003460   0x0000000e   Data   RO         1634    .constdata          flash.o
    0x0800346e   0x00000002   PAD
    0x08003470   0x0000000f   Data   RO         1765    .constdata          bl.o
    0x0800347f   0x0000005e   Data   RO         1883    .constdata          terminal_8266.o
    0x080034dd   0x00000003   PAD
    0x080034e0   0x0000003c   Data   RO         3077    .constdata          freertos.o
    0x0800351c   0x00000010   Data   RO         3307    .constdata          system_stm32f0xx.o
    0x0800352c   0x00000008   Data   RO         3308    .constdata          system_stm32f0xx.o
    0x08003534   0x00000025   Data   RO         3078    .conststring        freertos.o
    0x08003559   0x00000003   PAD
    0x0800355c   0x00000020   Data   RO         3653    Region$$Table       anon$$obj.o


    Execution Region RW_IRAM1 (Base: 0x20000000, Size: 0x00001c88, Max: 0x00002000, ABSOLUTE)

    Base Addr    Size         Type   Attr      Idx    E Section Name        Object

    0x20000000   0x00000004   Data   RW          784    .data               stm32f0xx_hal.o
    0x20000004   0x00000010   Data   RW         1635    .data               flash.o
    0x20000014   0x00000004   Data   RW         1637    .data               flash.o
    0x20000018   0x00000010   Data   RW         1766    .data               bl.o
    0x20000028   0x00000009   Data   RW         1884    .data               terminal_8266.o
    0x20000031   0x00000001   Data   RW         2006    .data               terminal.o
    0x20000032   0x00000002   PAD
    0x20000034   0x00000004   Data   RW         2079    .data               port.o
    0x20000038   0x00000018   Data   RW         2157    .data               heap_4.o
    0x20000050   0x00000038   Data   RW         2392    .data               tasks.o
    0x20000088   0x0000000c   Data   RW         3079    .data               freertos.o
    0x20000094   0x00000004   Data   RW         3309    .data               system_stm32f0xx.o
    0x20000098   0x00000004   Data   RW         3629    .data               mc_p.l(stdout.o)
    0x2000009c   0x00000004   PAD
    0x200000a0   0x00000020   Zero   RW           17    .bss                stm32f0xx_hal_flash.o
    0x200000c0   0x0000000c   Zero   RW         1633    .bss                flash.o
    0x200000cc   0x00000610   Zero   RW         1764    .bss                bl.o
    0x200006dc   0x00000102   Zero   RW         1882    .bss                terminal_8266.o
    0x200007de   0x00000110   Zero   RW         2003    .bss                terminal.o
    0x200008ee   0x00000088   Zero   RW         2004    .bss                terminal.o
    0x20000976   0x00000088   Zero   RW         2005    .bss                terminal.o
    0x200009fe   0x00000c00   Zero   RW         2156    .bss                heap_4.o
    0x200015fe   0x00000002   PAD
    0x20001600   0x000000f0   Zero   RW         2391    .bss                tasks.o
    0x200016f0   0x00000194   Zero   RW         3265    .bss                usart.o
    0x20001884   0x00000004   PAD
    0x20001888   0x00000400   Zero   RW         3066    STACK               startup_stm32f030x8.o


==============================================================================

Image component sizes


      Code (inc. data)   RO Data    RW Data    ZI Data      Debug   Object Name

      1186        156         15         16       1552       8361   bl.o
       110          0          0          0          0       7596   cmsis_os.o
        56          4          0          0          0        654   dma.o
       440        128         14         20         12       9383   flash.o
        92         10         97         12          0       1668   freertos.o
       196         18          0          0          0        875   gpio.o
       388         22          0         24       3072       3975   heap_4.o
       136          0          0          0          0       3162   list.o
       154          0          0          0          0       1848   main.o
       354         58          0          4          0       6500   port.o
        28          8        180          0       1024        564   startup_stm32f030x8.o
        94         18          0          4          0       2859   stm32f0xx_hal.o
       168         28          0          0          0       9283   stm32f0xx_hal_cortex.o
       560         12          0          0          0       1972   stm32f0xx_hal_dma.o
       348         56          0          0         32     244002   stm32f0xx_hal_flash.o
       232         30          0          0          0       2969   stm32f0xx_hal_flash_ex.o
       358         26          0          0          0       3340   stm32f0xx_hal_gpio.o
        56          6          0          0          0        742   stm32f0xx_hal_msp.o
      1316         94          0          0          0       4789   stm32f0xx_hal_rcc.o
       232         14          0          0          0       1292   stm32f0xx_hal_rcc_ex.o
      1434         24          0          0          0       8943   stm32f0xx_hal_uart.o
       116         30          0          0          0       2874   stm32f0xx_it.o
        92         14         24          4          0       1263   system_stm32f0xx.o
      1208         98          0         56        240      12370   tasks.o
       140         18          0          1        544       4008   terminal.o
      2420        860         94          9        258      32632   terminal_8266.o
         0          0          0          0          0       1464   timers.o
       400         40          0          0        404       2256   usart.o

    ----------------------------------------------------------------------
     12330       1772        464        152       7144     381644   Object Totals
         0          0         32          0          0          0   (incl. Generated)
        16          0          8          2          6          0   (incl. Padding)

    ----------------------------------------------------------------------

      Code (inc. data)   RO Data    RW Data    ZI Data      Debug   Library Member Name

         0          0          0          0          0          0   entry.o
         0          0          0          0          0          0   entry10a.o
         0          0          0          0          0          0   entry11a.o
         8          4          0          0          0          0   entry2.o
         4          0          0          0          0          0   entry5.o
         0          0          0          0          0          0   entry7b.o
         0          0          0          0          0          0   entry8b.o
         8          4          0          0          0          0   entry9a.o
        30          0          0          0          0          0   handlers.o
        36          8          0          0          0         68   init.o
        34          0          0          0          0         68   llushr.o
        36          0          0          0          0         60   memcpya.o
        36          0          0          0          0        100   memseta.o
       608         22          0          0          0        456   printf3.o
         0          0          0          4          0          0   stdout.o
        14          0          0          0          0         60   strlen.o
        40          0          0          0          0         72   strstr.o
        44          0          0          0          0         72   uidiv.o

    ----------------------------------------------------------------------
       898         38          0          4          4        956   Library Totals
         0          0          0          0          4          0   (incl. Padding)

    ----------------------------------------------------------------------

      Code (inc. data)   RO Data    RW Data    ZI Data      Debug   Library Name

       898         38          0          4          0        956   mc_p.l

    ----------------------------------------------------------------------
       898         38          0          4          4        956   Library Totals

    ----------------------------------------------------------------------

==============================================================================


      Code (inc. data)   RO Data    RW Data    ZI Data      Debug   

     13228       1810        464        156       7148     376496   Grand Totals
     13228       1810        464        156       7148     376496   ELF Image Totals
     13228       1810        464        156          0          0   ROM Totals

==============================================================================

    Total RO  Size (Code + RO Data)                13692 (  13.37kB)
    Total RW  Size (RW Data + ZI Data)              7304 (   7.13kB)
    Total ROM Size (Code + RO Data + RW Data)      13848 (  13.52kB)

==============================================================================

